Archive member included to satisfy reference by file (symbol)

/home/ubuntu/st/stm32cubeide_2.1.0/plugins/com.st.stm32cube.ide.mcu.externaltools.gnu-tools-for-stm32.14.3.rel1.linux64_1.0.100.202602081740/tools/bin/../lib/gcc/arm-none-eabi/14.3.1/../../../../arm-none-eabi/lib/thumb/v7e-m+fp/hard/libc_nano.a(libc_a-exit.o)
                              /home/ubuntu/st/stm32cubeide_2.1.0/plugins/com.st.stm32cube.ide.mcu.externaltools.gnu-tools-for-stm32.14.3.rel1.linux64_1.0.100.202602081740/tools/bin/../lib/gcc/arm-none-eabi/14.3.1/../../../../arm-none-eabi/lib/thumb/v7e-m+fp/hard/crt0.o (exit)
/home/ubuntu/st/stm32cubeide_2.1.0/plugins/com.st.stm32cube.ide.mcu.externaltools.gnu-tools-for-stm32.14.3.rel1.linux64_1.0.100.202602081740/tools/bin/../lib/gcc/arm-none-eabi/14.3.1/../../../../arm-none-eabi/lib/thumb/v7e-m+fp/hard/libc_nano.a(libc_a-findfp.o)
                              /home/ubuntu/st/stm32cubeide_2.1.0/plugins/com.st.stm32cube.ide.mcu.externaltools.gnu-tools-for-stm32.14.3.rel1.linux64_1.0.100.202602081740/tools/bin/../lib/gcc/arm-none-eabi/14.3.1/../../../../arm-none-eabi/lib/thumb/v7e-m+fp/hard/libc_nano.a(libc_a-exit.o) (__stdio_exit_handler)
/home/ubuntu/st/stm32cubeide_2.1.0/plugins/com.st.stm32cube.ide.mcu.externaltools.gnu-tools-for-stm32.14.3.rel1.linux64_1.0.100.202602081740/tools/bin/../lib/gcc/arm-none-eabi/14.3.1/../../../../arm-none-eabi/lib/thumb/v7e-m+fp/hard/libc_nano.a(libc_a-fwalk.o)
                              /home/ubuntu/st/stm32cubeide_2.1.0/plugins/com.st.stm32cube.ide.mcu.externaltools.gnu-tools-for-stm32.14.3.rel1.linux64_1.0.100.202602081740/tools/bin/../lib/gcc/arm-none-eabi/14.3.1/../../../../arm-none-eabi/lib/thumb/v7e-m+fp/hard/libc_nano.a(libc_a-findfp.o) (_fwalk_sglue)
/home/ubuntu/st/stm32cubeide_2.1.0/plugins/com.st.stm32cube.ide.mcu.externaltools.gnu-tools-for-stm32.14.3.rel1.linux64_1.0.100.202602081740/tools/bin/../lib/gcc/arm-none-eabi/14.3.1/../../../../arm-none-eabi/lib/thumb/v7e-m+fp/hard/libc_nano.a(libc_a-printf.o)
                              Core/Src/benchmark_cpu.o (printf)
/home/ubuntu/st/stm32cubeide_2.1.0/plugins/com.st.stm32cube.ide.mcu.externaltools.gnu-tools-for-stm32.14.3.rel1.linux64_1.0.100.202602081740/tools/bin/../lib/gcc/arm-none-eabi/14.3.1/../../../../arm-none-eabi/lib/thumb/v7e-m+fp/hard/libc_nano.a(libc_a-puts.o)
                              Core/Src/sensor.o (puts)
/home/ubuntu/st/stm32cubeide_2.1.0/plugins/com.st.stm32cube.ide.mcu.externaltools.gnu-tools-for-stm32.14.3.rel1.linux64_1.0.100.202602081740/tools/bin/../lib/gcc/arm-none-eabi/14.3.1/../../../../arm-none-eabi/lib/thumb/v7e-m+fp/hard/libc_nano.a(libc_a-stdio.o)
                              /home/ubuntu/st/stm32cubeide_2.1.0/plugins/com.st.stm32cube.ide.mcu.externaltools.gnu-tools-for-stm32.14.3.rel1.linux64_1.0.100.202602081740/tools/bin/../lib/gcc/arm-none-eabi/14.3.1/../../../../arm-none-eabi/lib/thumb/v7e-m+fp/hard/libc_nano.a(libc_a-findfp.o) (__sread)
/home/ubuntu/st/stm32cubeide_2.1.0/plugins/com.st.stm32cube.ide.mcu.externaltools.gnu-tools-for-stm32.14.3.rel1.linux64_1.0.100.202602081740/tools/bin/../lib/gcc/arm-none-eabi/14.3.1/../../../../arm-none-eabi/lib/thumb/v7e-m+fp/hard/libc_nano.a(libc_a-wbuf.o)
                              /home/ubuntu/st/stm32cubeide_2.1.0/plugins/com.st.stm32cube.ide.mcu.externaltools.gnu-tools-for-stm32.14.3.rel1.linux64_1.0.100.202602081740/tools/bin/../lib/gcc/arm-none-eabi/14.3.1/../../../../arm-none-eabi/lib/thumb/v7e-m+fp/hard/libc_nano.a(libc_a-puts.o) (__swbuf_r)
/home/ubuntu/st/stm32cubeide_2.1.0/plugins/com.st.stm32cube.ide.mcu.externaltools.gnu-tools-for-stm32.14.3.rel1.linux64_1.0.100.202602081740/tools/bin/../lib/gcc/arm-none-eabi/14.3.1/../../../../arm-none-eabi/lib/thumb/v7e-m+fp/hard/libc_nano.a(libc_a-wsetup.o)
                              /home/ubuntu/st/stm32cubeide_2.1.0/plugins/com.st.stm32cube.ide.mcu.externaltools.gnu-tools-for-stm32.14.3.rel1.linux64_1.0.100.202602081740/tools/bin/../lib/gcc/arm-none-eabi/14.3.1/../../../../arm-none-eabi/lib/thumb/v7e-m+fp/hard/libc_nano.a(libc_a-puts.o) (__swsetup_r)
/home/ubuntu/st/stm32cubeide_2.1.0/plugins/com.st.stm32cube.ide.mcu.externaltools.gnu-tools-for-stm32.14.3.rel1.linux64_1.0.100.202602081740/tools/bin/../lib/gcc/arm-none-eabi/14.3.1/../../../../arm-none-eabi/lib/thumb/v7e-m+fp/hard/libc_nano.a(libc_a-memset.o)
                              /home/ubuntu/st/stm32cubeide_2.1.0/plugins/com.st.stm32cube.ide.mcu.externaltools.gnu-tools-for-stm32.14.3.rel1.linux64_1.0.100.202602081740/tools/bin/../lib/gcc/arm-none-eabi/14.3.1/../../../../arm-none-eabi/lib/thumb/v7e-m+fp/hard/crt0.o (memset)
/home/ubuntu/st/stm32cubeide_2.1.0/plugins/com.st.stm32cube.ide.mcu.externaltools.gnu-tools-for-stm32.14.3.rel1.linux64_1.0.100.202602081740/tools/bin/../lib/gcc/arm-none-eabi/14.3.1/../../../../arm-none-eabi/lib/thumb/v7e-m+fp/hard/libc_nano.a(libc_a-closer.o)
[...]
Memory Configuration

Name             Origin             Length             Attributes
RAM              0x20000000         0x00020000         xrw
FLASH            0x08000000         0x00080000         xr
*default*        0x00000000         0xffffffff

Linker script and memory map

LOAD /home/ubuntu/st/stm32cubeide_2.1.0/plugins/com.st.stm32cube.ide.mcu.externaltools.gnu-tools-for-stm32.14.3.rel1.linux64_1.0.100.202602081740/tools/bin/../lib/gcc/arm-none-eabi/14.3.1/thumb/v7e-m+fp/hard/crti.o
LOAD /home/ubuntu/st/stm32cubeide_2.1.0/plugins/com.st.stm32cube.ide.mcu.externaltools.gnu-tools-for-stm32.14.3.rel1.linux64_1.0.100.202602081740/tools/bin/../lib/gcc/arm-none-eabi/14.3.1/thumb/v7e-m+fp/hard/crtbegin.o
LOAD /home/ubuntu/st/stm32cubeide_2.1.0/plugins/com.st.stm32cube.ide.mcu.externaltools.gnu-tools-for-stm32.14.3.rel1.linux64_1.0.100.202602081740/tools/bin/../lib/gcc/arm-none-eabi/14.3.1/../../../../arm-none-eabi/lib/thumb/v7e-m+fp/hard/crt0.o
LOAD Core/Src/benchmark_cpu.o
LOAD Core/Src/benchmark_sys.o
LOAD Core/Src/freertos.o
LOAD Core/Src/i2c.o
LOAD Core/Src/i2c_driver.o
LOAD Core/Src/i2c_driver_polling.o
LOAD Core/Src/main.o
LOAD Core/Src/sensor.o
LOAD Core/Src/stm32f4xx_hal_msp.o
LOAD Core/Src/stm32f4xx_it.o
LOAD Core/Src/syscalls.o
LOAD Core/Src/sysmem.o
LOAD Core/Src/system_stm32f4xx.o
LOAD Core/Startup/startup_stm32f446retx.o
LOAD Drivers/STM32F4xx_HAL_Driver/Src/stm32f4xx_hal.o
LOAD Drivers/STM32F4xx_HAL_Driver/Src/stm32f4xx_hal_cortex.o
LOAD Drivers/STM32F4xx_HAL_Driver/Src/stm32f4xx_hal_dma.o
LOAD Drivers/STM32F4xx_HAL_Driver/Src/stm32f4xx_hal_dma_ex.o
LOAD Drivers/STM32F4xx_HAL_Driver/Src/stm32f4xx_hal_exti.o
LOAD Drivers/STM32F4xx_HAL_Driver/Src/stm32f4xx_hal_flash.o
LOAD Drivers/STM32F4xx_HAL_Driver/Src/stm32f4xx_hal_flash_ex.o
LOAD Drivers/STM32F4xx_HAL_Driver/Src/stm32f4xx_hal_flash_ramfunc.o
LOAD Drivers/STM32F4xx_HAL_Driver/Src/stm32f4xx_hal_gpio.o
LOAD Drivers/STM32F4xx_HAL_Driver/Src/stm32f4xx_hal_i2c.o
LOAD Drivers/STM32F4xx_HAL_Driver/Src/stm32f4xx_hal_i2c_ex.o
LOAD Drivers/STM32F4xx_HAL_Driver/Src/stm32f4xx_hal_pwr.o
LOAD Drivers/STM32F4xx_HAL_Driver/Src/stm32f4xx_hal_pwr_ex.o
LOAD Drivers/STM32F4xx_HAL_Driver/Src/stm32f4xx_hal_rcc.o
LOAD Drivers/STM32F4xx_HAL_Driver/Src/stm32f4xx_hal_rcc_ex.o
LOAD Drivers/STM32F4xx_HAL_Driver/Src/stm32f4xx_hal_uart.o
LOAD Middlewares/Third_Party/FreeRTOS/Source/CMSIS_RTOS_V2/cmsis_os2.o
LOAD Middlewares/Third_Party/FreeRTOS/Source/croutine.o
LOAD Middlewares/Third_Party/FreeRTOS/Source/event_groups.o
LOAD Middlewares/Third_Party/FreeRTOS/Source/list.o
LOAD Middlewares/Third_Party/FreeRTOS/Source/portable/GCC/ARM_CM4F/port.o
LOAD Middlewares/Third_Party/FreeRTOS/Source/portable/MemMang/heap_4.o
LOAD Middlewares/Third_Party/FreeRTOS/Source/queue.o
LOAD Middlewares/Third_Party/FreeRTOS/Source/stream_buffer.o
LOAD Middlewares/Third_Party/FreeRTOS/Source/tasks.o
LOAD Middlewares/Third_Party/FreeRTOS/Source/timers.o
START GROUP
LOAD /home/ubuntu/st/stm32cubeide_2.1.0/plugins/com.st.stm32cube.ide.mcu.externaltools.gnu-tools-for-stm32.14.3.rel1.linux64_1.0.100.202602081740/tools/bin/../lib/gcc/arm-none-eabi/14.3.1/../../../../arm-none-eabi/lib/thumb/v7e-m+fp/hard/libc_nano.a
LOAD /home/ubuntu/st/stm32cubeide_2.1.0/plugins/com.st.stm32cube.ide.mcu.externaltools.gnu-tools-for-stm32.14.3.rel1.linux64_1.0.100.202602081740/tools/bin/../lib/gcc/arm-none-eabi/14.3.1/../../../../arm-none-eabi/lib/thumb/v7e-m+fp/hard/libm.a
END GROUP
START GROUP
LOAD /home/ubuntu/st/stm32cubeide_2.1.0/plugins/com.st.stm32cube.ide.mcu.externaltools.gnu-tools-for-stm32.14.3.rel1.linux64_1.0.100.202602081740/tools/bin/../lib/gcc/arm-none-eabi/14.3.1/thumb/v7e-m+fp/hard/libgcc.a
LOAD /home/ubuntu/st/stm32cubeide_2.1.0/plugins/com.st.stm32cube.ide.mcu.externaltools.gnu-tools-for-stm32.14.3.rel1.linux64_1.0.100.202602081740/tools/bin/../lib/gcc/arm-none-eabi/14.3.1/../../../../arm-none-eabi/lib/thumb/v7e-m+fp/hard/libc_nano.a
END GROUP
START GROUP
LOAD /home/ubuntu/st/stm32cubeide_2.1.0/plugins/com.st.stm32cube.ide.mcu.externaltools.gnu-tools-for-stm32.14.3.rel1.linux64_1.0.100.202602081740/tools/bin/../lib/gcc/arm-none-eabi/14.3.1/thumb/v7e-m+fp/hard/libgcc.a
LOAD /home/ubuntu/st/stm32cubeide_2.1.0/plugins/com.st.stm32cube.ide.mcu.externaltools.gnu-tools-for-stm32.14.3.rel1.linux64_1.0.100.202602081740/tools/bin/../lib/gcc/arm-none-eabi/14.3.1/../../../../arm-none-eabi/lib/thumb/v7e-m+fp/hard/libc_nano.a
LOAD /home/ubuntu/st/stm32cubeide_2.1.0/plugins/com.st.stm32cube.ide.mcu.externaltools.gnu-tools-for-stm32.14.3.rel1.linux64_1.0.100.202602081740/tools/bin/../lib/gcc/arm-none-eabi/14.3.1/../../../../arm-none-eabi/lib/thumb/v7e-m+fp/hard/libnosys.a
END GROUP
START GROUP
LOAD /home/ubuntu/st/stm32cubeide_2.1.0/plugins/com.st.stm32cube.ide.mcu.externaltools.gnu-tools-for-stm32.14.3.rel1.linux64_1.0.100.202602081740/tools/bin/../lib/gcc/arm-none-eabi/14.3.1/thumb/v7e-m+fp/hard/libgcc.a
LOAD /home/ubuntu/st/stm32cubeide_2.1.0/plugins/com.st.stm32cube.ide.mcu.externaltools.gnu-tools-for-stm32.14.3.rel1.linux64_1.0.100.202602081740/tools/bin/../lib/gcc/arm-none-eabi/14.3.1/../../../../arm-none-eabi/lib/thumb/v7e-m+fp/hard/libc_nano.a
LOAD /home/ubuntu/st/stm32cubeide_2.1.0/plugins/com.st.stm32cube.ide.mcu.externaltools.gnu-tools-for-stm32.14.3.rel1.linux64_1.0.100.202602081740/tools/bin/../lib/gcc/arm-none-eabi/14.3.1/../../../../arm-none-eabi/lib/thumb/v7e-m+fp/hard/libnosys.a
END GROUP
LOAD /home/ubuntu/st/stm32cubeide_2.1.0/plugins/com.st.stm32cube.ide.mcu.externaltools.gnu-tools-for-stm32.14.3.rel1.linux64_1.0.100.202602081740/tools/bin/../lib/gcc/arm-none-eabi/14.3.1/thumb/v7e-m+fp/hard/crtend.o
LOAD /home/ubuntu/st/stm32cubeide_2.1.0/plugins/com.st.stm32cube.ide.mcu.externaltools.gnu-tools-for-stm32.14.3.rel1.linux64_1.0.100.202602081740/tools/bin/../lib/gcc/arm-none-eabi/14.3.1/thumb/v7e-m+fp/hard/crtn.o
                0x20020000                        _estack = (ORIGIN (RAM) + LENGTH (RAM))
                0x00000200                        _Min_Heap_Size = 0x200
                0x00000400                        _Min_Stack_Size = 0x400

.isr_vector     0x08000000      0x1c4
                0x08000000                        . = ALIGN (0x4)
 *(.isr_vector)
 .isr_vector    0x08000000      0x1c4 Core/Startup/startup_stm32f446retx.o
                0x08000000                g_pfnVectors
                0x080001c4                        . = ALIGN (0x4)

.text           0x080001d0     0x7378
                0x080001d0                        . = ALIGN (0x4)
 *(.text)
 .text          0x080001d0       0x40 /home/ubuntu/st/stm32cubeide_2.1.0/plugins/com.st.stm32cube.ide.mcu.externaltools.gnu-tools-for-stm32.14.3.rel1.linux64_1.0.100.202602081740/tools/bin/../lib/gcc/arm-none-eabi/14.3.1/thumb/v7e-m+fp/hard/crtbegin.o
 .text          0x08000210       0xa0 /home/ubuntu/st/stm32cubeide_2.1.0/plugins/com.st.stm32cube.ide.mcu.externaltools.gnu-tools-for-stm32.14.3.rel1.linux64_1.0.100.202602081740/tools/bin/../lib/gcc/arm-none-eabi/14.3.1/../../../../arm-none-eabi/lib/thumb/v7e-m+fp/hard/libc_nano.a(libc_a-memchr.o)
                0x08000210                memchr
 .text          0x080002b0       0x30 /home/ubuntu/st/stm32cubeide_2.1.0/plugins/com.st.stm32cube.ide.mcu.externaltools.gnu-tools-for-stm32.14.3.rel1.linux64_1.0.100.202602081740/tools/bin/../lib/gcc/arm-none-eabi/14.3.1/thumb/v7e-m+fp/hard/libgcc.a(_aeabi_uldivmod.o)
                0x080002b0                __aeabi_uldivmod
 .text          0x080002e0      0x2f8 /home/ubuntu/st/stm32cubeide_2.1.0/plugins/com.st.stm32cube.ide.mcu.externaltools.gnu-tools-for-stm32.14.3.rel1.linux64_1.0.100.202602081740/tools/bin/../lib/gcc/arm-none-eabi/14.3.1/thumb/v7e-m+fp/hard/libgcc.a(_udivmoddi4.o)
                0x080002e0                __udivmoddi4
 .text          0x080005d8        0x4 /home/ubuntu/st/stm32cubeide_2.1.0/plugins/com.st.stm32cube.ide.mcu.externaltools.gnu-tools-for-stm32.14.3.rel1.linux64_1.0.100.202602081740/tools/bin/../lib/gcc/arm-none-eabi/14.3.1/thumb/v7e-m+fp/hard/libgcc.a(_dvmd_tls.o)
                0x080005d8                __aeabi_ldiv0
                0x080005d8                __aeabi_idiv0
 *(.text*)
 .text.dwt_init
                0x080005dc       0x34 Core/Src/benchmark_cpu.o
 .text.benchmark_cpu_init
                0x08000610       0x2c Core/Src/benchmark_cpu.o
                0x08000610                benchmark_cpu_init
 .text.benchmark_calibrate_idle
                0x0800063c       0x28 Core/Src/benchmark_cpu.o
                0x0800063c                benchmark_calibrate_idle
 .text.benchmark_start
                0x08000664       0x18 Core/Src/benchmark_cpu.o
                0x08000664                benchmark_start
 .text.benchmark_end
                0x0800067c       0x20 Core/Src/benchmark_cpu.o
                0x0800067c                benchmark_end
 .text.benchmark_sys_init
                0x0800069c       0x48 Core/Src/benchmark_sys.o
                0x0800069c                benchmark_sys_init
 .text.benchmark_queue_update
                0x080006e4       0x28 Core/Src/benchmark_sys.o
                0x080006e4                benchmark_queue_update
 .text.benchmark_queue_drop
                0x0800070c       0x1c Core/Src/benchmark_sys.o
                0x0800070c                benchmark_queue_drop
 .text.benchmark_latency_record
                0x08000728       0x28 Core/Src/benchmark_sys.o
                0x08000728                benchmark_latency_record
 .text.benchmark_throughput_inc
                0x08000750       0x1c Core/Src/benchmark_sys.o
                0x08000750                benchmark_throughput_inc
 .text.vApplicationIdleHook
                0x0800076c       0x1c Core/Src/freertos.o
                0x0800076c                vApplicationIdleHook
 .text.__NVIC_EnableIRQ
                0x08000788       0x3c Core/Src/i2c_driver.o
 .text.enable_interrupt
                0x080007c4       0x34 Core/Src/i2c_driver.o
                0x080007c4                enable_interrupt
 .text.i2c_read_reg
                0x080007f8       0x50 Core/Src/i2c_driver.o
                0x080007f8                i2c_read_reg
 .text.i2c_write_reg
                0x08000848       0x4c Core/Src/i2c_driver.o
                0x08000848                i2c_write_reg
 .text.i2c_is_busy
                0x08000894       0x18 Core/Src/i2c_driver.o
                0x08000894                i2c_is_busy
 .text.i2c_write_reg_async
                0x080008ac       0x84 Core/Src/i2c_driver.o
                0x080008ac                i2c_write_reg_async
 .text.i2c_read_reg_async
                0x08000930       0x78 Core/Src/i2c_driver.o
                0x08000930                i2c_read_reg_async
 .text.i2c_ev_irq_handler
                0x080009a8      0x26c Core/Src/i2c_driver.o
                0x080009a8                i2c_ev_irq_handler
 .text.i2c_init_polling
                0x08000c14       0xbc Core/Src/i2c_driver_polling.o
                0x08000c14                i2c_init_polling
 .text.i2c_read_reg_polling
                0x08000cd0       0xe0 Core/Src/i2c_driver_polling.o
                0x08000cd0                i2c_read_reg_polling
 .text.i2c_write_reg_polling
                0x08000db0       0x72 Core/Src/i2c_driver_polling.o
                0x08000db0                i2c_write_reg_polling
 *fill*         0x08000e22        0x2 
 .text.i2c_start
                0x08000e24       0x50 Core/Src/i2c_driver_polling.o
 .text.i2c_send_address
                0x08000e74       0x78 Core/Src/i2c_driver_polling.o
 .text.i2c_write_byte
                0x08000eec       0x6c Core/Src/i2c_driver_polling.o
 .text.i2c_read_byte
                0x08000f58       0x50 Core/Src/i2c_driver_polling.o
 .text.i2c_stop
                0x08000fa8       0x20 Core/Src/i2c_driver_polling.o
 .text.main     0x08000fc8       0xb4 Core/Src/main.o
                0x08000fc8                main
 .text.SystemClock_Config
                0x0800107c       0xc0 Core/Src/main.o
                0x0800107c                SystemClock_Config
 .text.MX_USART2_UART_Init
                0x0800113c       0x54 Core/Src/main.o
 .text.MX_GPIO_Init
                0x08001190       0x50 Core/Src/main.o
 .text._write   0x080011e0       0x2c Core/Src/main.o
                0x080011e0                _write
 .text.StartDefaultTask
                0x0800120c       0x6c Core/Src/main.o
                0x0800120c                StartDefaultTask
 .text.StartTask02
                0x08001278       0x6c Core/Src/main.o
                0x08001278                StartTask02
 .text.StartTask03
                0x080012e4       0xac Core/Src/main.o
                0x080012e4                StartTask03
 .text.BenchmarkTask
                0x08001390       0x12 Core/Src/main.o
                0x08001390                BenchmarkTask
 .text.Error_Handler
                0x080013a2        0xc Core/Src/main.o
                0x080013a2                Error_Handler
 .text.i2c_write
                0x080013ae       0x26 Core/Src/sensor.o
 .text.read_calibration
                0x080013d4      0x168 Core/Src/sensor.o
 .text.sensor_init
                0x0800153c       0x94 Core/Src/sensor.o
                0x0800153c                sensor_init
 .text.sensor_read_temperature
                0x080015d0       0xdc Core/Src/sensor.o
                0x080015d0                sensor_read_temperature
 .text.HAL_MspInit
                0x080016ac       0x58 Core/Src/stm32f4xx_hal_msp.o
                0x080016ac                HAL_MspInit
 .text.HAL_UART_MspInit
                0x08001704       0x90 Core/Src/stm32f4xx_hal_msp.o
                0x08001704                HAL_UART_MspInit
 .text.NMI_Handler
                0x08001794        0x8 Core/Src/stm32f4xx_it.o
                0x08001794                NMI_Handler
 .text.HardFault_Handler
                0x0800179c        0x8 Core/Src/stm32f4xx_it.o
                0x0800179c                HardFault_Handler
 .text.MemManage_Handler
                0x080017a4        0x8 Core/Src/stm32f4xx_it.o
                0x080017a4                MemManage_Handler
 .text.BusFault_Handler
                0x080017ac        0x8 Core/Src/stm32f4xx_it.o
                0x080017ac                BusFault_Handler
 .text.UsageFault_Handler
                0x080017b4        0x8 Core/Src/stm32f4xx_it.o
                0x080017b4                UsageFault_Handler
 .text.DebugMon_Handler
                0x080017bc        0xe Core/Src/stm32f4xx_it.o
                0x080017bc                DebugMon_Handler
 .text.SysTick_Handler
                0x080017ca       0x1a Core/Src/stm32f4xx_it.o
                0x080017ca                SysTick_Handler
 .text.I2C1_EV_IRQHandler
                0x080017e4        0xc Core/Src/stm32f4xx_it.o
                0x080017e4                I2C1_EV_IRQHandler
 .text.I2C1_ER_IRQHandler
                0x080017f0       0x40 Core/Src/stm32f4xx_it.o
                0x080017f0                I2C1_ER_IRQHandler
 .text._read    0x08001830       0x3a Core/Src/syscalls.o
                0x08001830                _read
 .text._close   0x0800186a       0x18 Core/Src/syscalls.o
                0x0800186a                _close
 .text._fstat   0x08001882       0x20 Core/Src/syscalls.o
                0x08001882                _fstat
 .text._isatty  0x080018a2       0x16 Core/Src/syscalls.o
                0x080018a2                _isatty
 .text._lseek   0x080018b8       0x1a Core/Src/syscalls.o
                0x080018b8                _lseek
 *fill*         0x080018d2        0x2 
 .text._sbrk    0x080018d4       0x6c Core/Src/sysmem.o
                0x080018d4                _sbrk
 .text.SystemInit
                0x08001940       0x24 Core/Src/system_stm32f4xx.o
                0x08001940                SystemInit
 .text.Reset_Handler
                0x08001964       0x50 Core/Startup/startup_stm32f446retx.o
                0x08001964                Reset_Handler
 .text.Default_Handler
                0x080019b4        0x2 Core/Startup/startup_stm32f446retx.o
                0x080019b4                RTC_Alarm_IRQHandler
                0x080019b4                EXTI2_IRQHandler
                0x080019b4                TIM8_CC_IRQHandler
                0x080019b4                FMPI2C1_EV_IRQHandler
                0x080019b4                SPI4_IRQHandler
                0x080019b4                TIM1_CC_IRQHandler
                0x080019b4                DMA2_Stream5_IRQHandler
                0x080019b4                DMA1_Stream5_IRQHandler
                0x080019b4                PVD_IRQHandler
                0x080019b4                SDIO_IRQHandler
                0x080019b4                TAMP_STAMP_IRQHandler
                0x080019b4                CAN2_RX1_IRQHandler
                0x080019b4                EXTI3_IRQHandler
                0x080019b4                TIM8_TRG_COM_TIM14_IRQHandler
                0x080019b4                TIM1_UP_TIM10_IRQHandler
                0x080019b4                TIM8_UP_TIM13_IRQHandler
                0x080019b4                I2C3_ER_IRQHandler
                0x080019b4                EXTI0_IRQHandler
                0x080019b4                I2C2_EV_IRQHandler
                0x080019b4                DMA1_Stream2_IRQHandler
                0x080019b4                CAN1_RX0_IRQHandler
                0x080019b4                FPU_IRQHandler
                0x080019b4                OTG_HS_WKUP_IRQHandler
                0x080019b4                CAN2_SCE_IRQHandler
                0x080019b4                DMA2_Stream2_IRQHandler
                0x080019b4                SPI1_IRQHandler
                0x080019b4                TIM6_DAC_IRQHandler
                0x080019b4                TIM1_BRK_TIM9_IRQHandler
                0x080019b4                DCMI_IRQHandler
                0x080019b4                CAN2_RX0_IRQHandler
                0x080019b4                DMA2_Stream3_IRQHandler
                0x080019b4                SAI2_IRQHandler
                0x080019b4                USART6_IRQHandler
                0x080019b4                USART3_IRQHandler
                0x080019b4                CAN1_RX1_IRQHandler
                0x080019b4                UART5_IRQHandler
                0x080019b4                DMA2_Stream0_IRQHandler
                0x080019b4                TIM4_IRQHandler
                0x080019b4                QUADSPI_IRQHandler
                0x080019b4                DMA1_Stream6_IRQHandler
                0x080019b4                DMA1_Stream1_IRQHandler
                0x080019b4                UART4_IRQHandler
                0x080019b4                TIM3_IRQHandler
                0x080019b4                RCC_IRQHandler
                0x080019b4                TIM8_BRK_TIM12_IRQHandler
                0x080019b4                Default_Handler
                0x080019b4                CEC_IRQHandler
                0x080019b4                EXTI15_10_IRQHandler
                0x080019b4                ADC_IRQHandler
                0x080019b4                DMA1_Stream7_IRQHandler
                0x080019b4                TIM7_IRQHandler
                0x080019b4                CAN2_TX_IRQHandler
                0x080019b4                TIM5_IRQHandler
                0x080019b4                DMA2_Stream7_IRQHandler
                0x080019b4                I2C3_EV_IRQHandler
                0x080019b4                EXTI9_5_IRQHandler
                0x080019b4                RTC_WKUP_IRQHandler
                0x080019b4                SPDIF_RX_IRQHandler
                0x080019b4                SPI2_IRQHandler
                0x080019b4                OTG_HS_EP1_IN_IRQHandler
                0x080019b4                DMA1_Stream0_IRQHandler
                0x080019b4                CAN1_TX_IRQHandler
                0x080019b4                FMPI2C1_ER_IRQHandler
                0x080019b4                EXTI4_IRQHandler
                0x080019b4                OTG_HS_EP1_OUT_IRQHandler
                0x080019b4                WWDG_IRQHandler
                0x080019b4                TIM2_IRQHandler
                0x080019b4                OTG_FS_WKUP_IRQHandler
                0x080019b4                TIM1_TRG_COM_TIM11_IRQHandler
                0x080019b4                OTG_HS_IRQHandler
                0x080019b4                EXTI1_IRQHandler
                0x080019b4                USART2_IRQHandler
                0x080019b4                I2C2_ER_IRQHandler
                0x080019b4                DMA2_Stream1_IRQHandler
                0x080019b4                CAN1_SCE_IRQHandler
                0x080019b4                FLASH_IRQHandler
                0x080019b4                DMA2_Stream4_IRQHandler
                0x080019b4                USART1_IRQHandler
                0x080019b4                OTG_FS_IRQHandler
                0x080019b4                SPI3_IRQHandler
                0x080019b4                DMA1_Stream4_IRQHandler
                0x080019b4                FMC_IRQHandler
                0x080019b4                DMA2_Stream6_IRQHandler
                0x080019b4                SAI1_IRQHandler
                0x080019b4                DMA1_Stream3_IRQHandler
 *fill*         0x080019b6        0x2 
 .text.HAL_Init
                0x080019b8       0x44 Drivers/STM32F4xx_HAL_Driver/Src/stm32f4xx_hal.o
                0x080019b8                HAL_Init
 .text.HAL_InitTick
                0x080019fc       0x60 Drivers/STM32F4xx_HAL_Driver/Src/stm32f4xx_hal.o
                0x080019fc                HAL_InitTick
 .text.HAL_IncTick
                0x08001a5c       0x28 Drivers/STM32F4xx_HAL_Driver/Src/stm32f4xx_hal.o
                0x08001a5c                HAL_IncTick
 .text.HAL_GetTick
                0x08001a84       0x18 Drivers/STM32F4xx_HAL_Driver/Src/stm32f4xx_hal.o
                0x08001a84                HAL_GetTick
 .text.HAL_Delay
                0x08001a9c       0x48 Drivers/STM32F4xx_HAL_Driver/Src/stm32f4xx_hal.o
                0x08001a9c                HAL_Delay
 .text.__NVIC_SetPriorityGrouping
                0x08001ae4       0x48 Drivers/STM32F4xx_HAL_Driver/Src/stm32f4xx_hal_cortex.o
 .text.__NVIC_GetPriorityGrouping
                0x08001b2c       0x1c Drivers/STM32F4xx_HAL_Driver/Src/stm32f4xx_hal_cortex.o
 .text.__NVIC_SetPriority
                0x08001b48       0x54 Drivers/STM32F4xx_HAL_Driver/Src/stm32f4xx_hal_cortex.o
 .text.NVIC_EncodePriority
                0x08001b9c       0x66 Drivers/STM32F4xx_HAL_Driver/Src/stm32f4xx_hal_cortex.o
 *fill*         0x08001c02        0x2 
 .text.SysTick_Config
                0x08001c04       0x44 Drivers/STM32F4xx_HAL_Driver/Src/stm32f4xx_hal_cortex.o
 .text.HAL_NVIC_SetPriorityGrouping
                0x08001c48       0x16 Drivers/STM32F4xx_HAL_Driver/Src/stm32f4xx_hal_cortex.o
                0x08001c48                HAL_NVIC_SetPriorityGrouping
 .text.HAL_NVIC_SetPriority
                0x08001c5e       0x38 Drivers/STM32F4xx_HAL_Driver/Src/stm32f4xx_hal_cortex.o
                0x08001c5e                HAL_NVIC_SetPriority
 .text.HAL_SYSTICK_Config
                0x08001c96       0x18 Drivers/STM32F4xx_HAL_Driver/Src/stm32f4xx_hal_cortex.o
                0x08001c96                HAL_SYSTICK_Config
 *fill*         0x08001cae        0x2 
 .text.HAL_GPIO_Init
                0x08001cb0      0x328 Drivers/STM32F4xx_HAL_Driver/Src/stm32f4xx_hal_gpio.o
                0x08001cb0                HAL_GPIO_Init
 .text.HAL_RCC_ClockConfig
                0x08001fd8      0x1cc Drivers/STM32F4xx_HAL_Driver/Src/stm32f4xx_hal_rcc.o
                0x08001fd8                HAL_RCC_ClockConfig
 .text.HAL_RCC_GetHCLKFreq
                0x080021a4       0x18 Drivers/STM32F4xx_HAL_Driver/Src/stm32f4xx_hal_rcc.o
                0x080021a4                HAL_RCC_GetHCLKFreq
 .text.HAL_RCC_GetPCLK1Freq
                0x080021bc       0x28 Drivers/STM32F4xx_HAL_Driver/Src/stm32f4xx_hal_rcc.o
                0x080021bc                HAL_RCC_GetPCLK1Freq
 .text.HAL_RCC_GetPCLK2Freq
                0x080021e4       0x28 Drivers/STM32F4xx_HAL_Driver/Src/stm32f4xx_hal_rcc.o
                0x080021e4                HAL_RCC_GetPCLK2Freq
 .text.HAL_RCC_GetSysClockFreq
                0x0800220c      0x350 Drivers/STM32F4xx_HAL_Driver/Src/stm32f4xx_hal_rcc_ex.o
                0x0800220c                HAL_RCC_GetSysClockFreq
 .text.HAL_RCC_OscConfig
                0x0800255c      0x53c Drivers/STM32F4xx_HAL_Driver/Src/stm32f4xx_hal_rcc_ex.o
                0x0800255c                HAL_RCC_OscConfig
 .text.HAL_UART_Init
                0x08002a98       0xa0 Drivers/STM32F4xx_HAL_Driver/Src/stm32f4xx_hal_uart.o
                0x08002a98                HAL_UART_Init
 .text.HAL_UART_Transmit
                0x08002b38      0x116 Drivers/STM32F4xx_HAL_Driver/Src/stm32f4xx_hal_uart.o
                0x08002b38                HAL_UART_Transmit
 .text.UART_WaitOnFlagUntilTimeout
                0x08002c4e       0xb2 Drivers/STM32F4xx_HAL_Driver/Src/stm32f4xx_hal_uart.o
 .text.UART_EndRxTransfer
                0x08002d00       0xc6 Drivers/STM32F4xx_HAL_Driver/Src/stm32f4xx_hal_uart.o
 *fill*         0x08002dc6        0x2 
 .text.UART_SetConfig
                0x08002dc8      0x4e8 Drivers/STM32F4xx_HAL_Driver/Src/stm32f4xx_hal_uart.o
 .text.__NVIC_SetPriority
                0x080032b0       0x54 Middlewares/Third_Party/FreeRTOS/Source/CMSIS_RTOS_V2/cmsis_os2.o
 .text.SVC_Setup
                0x08003304       0x12 Middlewares/Third_Party/FreeRTOS/Source/CMSIS_RTOS_V2/cmsis_os2.o
 *fill*         0x08003316        0x2 
 .text.osKernelInitialize
                0x08003318       0x48 Middlewares/Third_Party/FreeRTOS/Source/CMSIS_RTOS_V2/cmsis_os2.o
                0x08003318                osKernelInitialize
 .text.osKernelStart
                0x08003360       0x4c Middlewares/Third_Party/FreeRTOS/Source/CMSIS_RTOS_V2/cmsis_os2.o
                0x08003360                osKernelStart
 .text.osKernelGetTickCount
                0x080033ac       0x2a Middlewares/Third_Party/FreeRTOS/Source/CMSIS_RTOS_V2/cmsis_os2.o
                0x080033ac                osKernelGetTickCount
 .text.osThreadNew
                0x080033d6      0x124 Middlewares/Third_Party/FreeRTOS/Source/CMSIS_RTOS_V2/cmsis_os2.o
                0x080033d6                osThreadNew
 .text.osDelay  0x080034fa       0x36 Middlewares/Third_Party/FreeRTOS/Source/CMSIS_RTOS_V2/cmsis_os2.o
                0x080034fa                osDelay
 .text.osMessageQueueNew
                0x08003530       0xe6 Middlewares/Third_Party/FreeRTOS/Source/CMSIS_RTOS_V2/cmsis_os2.o
                0x08003530                osMessageQueueNew
 *fill*         0x08003616        0x2 
 .text.osMessageQueuePut
                0x08003618       0xc0 Middlewares/Third_Party/FreeRTOS/Source/CMSIS_RTOS_V2/cmsis_os2.o
                0x08003618                osMessageQueuePut
 .text.osMessageQueueGet
                0x080036d8       0xbc Middlewares/Third_Party/FreeRTOS/Source/CMSIS_RTOS_V2/cmsis_os2.o
                0x080036d8                osMessageQueueGet
 .text.osMessageQueueGetCount
                0x08003794       0x40 Middlewares/Third_Party/FreeRTOS/Source/CMSIS_RTOS_V2/cmsis_os2.o
                0x08003794                osMessageQueueGetCount
 .text.vApplicationGetIdleTaskMemory
                0x080037d4       0x34 Middlewares/Third_Party/FreeRTOS/Source/CMSIS_RTOS_V2/cmsis_os2.o
                0x080037d4                vApplicationGetIdleTaskMemory
 .text.vApplicationGetTimerTaskMemory
                0x08003808       0x34 Middlewares/Third_Party/FreeRTOS/Source/CMSIS_RTOS_V2/cmsis_os2.o
                0x08003808                vApplicationGetTimerTaskMemory
 .text.vListInitialise
                0x0800383c       0x40 Middlewares/Third_Party/FreeRTOS/Source/list.o
                0x0800383c                vListInitialise
 .text.vListInitialiseItem
                0x0800387c       0x1a Middlewares/Third_Party/FreeRTOS/Source/list.o
                0x0800387c                vListInitialiseItem
 .text.vListInsertEnd
                0x08003896       0x48 Middlewares/Third_Party/FreeRTOS/Source/list.o
                0x08003896                vListInsertEnd
 .text.vListInsert
                0x080038de       0x72 Middlewares/Third_Party/FreeRTOS/Source/list.o
                0x080038de                vListInsert
 .text.uxListRemove
                0x08003950       0x54 Middlewares/Third_Party/FreeRTOS/Source/list.o
                0x08003950                uxListRemove
 .text.pxPortInitialiseStack
                0x080039a4       0x68 Middlewares/Third_Party/FreeRTOS/Source/portable/GCC/ARM_CM4F/port.o
                0x080039a4                pxPortInitialiseStack
 .text.prvTaskExitError
                0x08003a0c       0x5c Middlewares/Third_Party/FreeRTOS/Source/portable/GCC/ARM_CM4F/port.o
 *fill*         0x08003a68        0x8 
 .text.SVC_Handler
                0x08003a70       0x28 Middlewares/Third_Party/FreeRTOS/Source/portable/GCC/ARM_CM4F/port.o
                0x08003a70                SVC_Handler
 .text.prvPortStartFirstTask
                0x08003a98       0x28 Middlewares/Third_Party/FreeRTOS/Source/portable/GCC/ARM_CM4F/port.o
 .text.xPortStartScheduler
                0x08003ac0      0x148 Middlewares/Third_Party/FreeRTOS/Source/portable/GCC/ARM_CM4F/port.o
                0x08003ac0                xPortStartScheduler
 .text.vPortEnterCritical
                0x08003c08       0x64 Middlewares/Third_Party/FreeRTOS/Source/portable/GCC/ARM_CM4F/port.o
                0x08003c08                vPortEnterCritical
 .text.vPortExitCritical
                0x08003c6c       0x54 Middlewares/Third_Party/FreeRTOS/Source/portable/GCC/ARM_CM4F/port.o
                0x08003c6c                vPortExitCritical
 .text.PendSV_Handler
                0x08003cc0       0x68 Middlewares/Third_Party/FreeRTOS/Source/portable/GCC/ARM_CM4F/port.o
                0x08003cc0                PendSV_Handler
 .text.xPortSysTickHandler
                0x08003d28       0x44 Middlewares/Third_Party/FreeRTOS/Source/portable/GCC/ARM_CM4F/port.o
                0x08003d28                xPortSysTickHandler
 .text.vPortSetupTimerInterrupt
                0x08003d6c       0x48 Middlewares/Third_Party/FreeRTOS/Source/portable/GCC/ARM_CM4F/port.o
                0x08003d6c                vPortSetupTimerInterrupt
 .text.vPortEnableVFP
                0x08003db4       0x14 Middlewares/Third_Party/FreeRTOS/Source/portable/GCC/ARM_CM4F/port.o
 .text.vPortValidateInterruptPriority
                0x08003dc8       0x84 Middlewares/Third_Party/FreeRTOS/Source/portable/GCC/ARM_CM4F/port.o
                0x08003dc8                vPortValidateInterruptPriority
 .text.pvPortMalloc
                0x08003e4c      0x19c Middlewares/Third_Party/FreeRTOS/Source/portable/MemMang/heap_4.o
                0x08003e4c                pvPortMalloc
 .text.vPortFree
                0x08003fe8       0xc8 Middlewares/Third_Party/FreeRTOS/Source/portable/MemMang/heap_4.o
                0x08003fe8                vPortFree
 .text.prvHeapInit
                0x080040b0       0xc4 Middlewares/Third_Party/FreeRTOS/Source/portable/MemMang/heap_4.o
 .text.prvInsertBlockIntoFreeList
                0x08004174       0xb4 Middlewares/Third_Party/FreeRTOS/Source/portable/MemMang/heap_4.o
 .text.xQueueGenericReset
                0x08004228       0xd4 Middlewares/Third_Party/FreeRTOS/Source/queue.o
                0x08004228                xQueueGenericReset
 .text.xQueueGenericCreateStatic
                0x080042fc       0xfa Middlewares/Third_Party/FreeRTOS/Source/queue.o
                0x080042fc                xQueueGenericCreateStatic
 .text.xQueueGenericCreate
                0x080043f6       0x76 Middlewares/Third_Party/FreeRTOS/Source/queue.o
                0x080043f6                xQueueGenericCreate
 .text.prvInitialiseNewQueue
                0x0800446c       0x46 Middlewares/Third_Party/FreeRTOS/Source/queue.o
 *fill*         0x080044b2        0x2 
 .text.xQueueGenericSend
                0x080044b4      0x204 Middlewares/Third_Party/FreeRTOS/Source/queue.o
                0x080044b4                xQueueGenericSend
 .text.xQueueGenericSendFromISR
                0x080046b8      0x13c Middlewares/Third_Party/FreeRTOS/Source/queue.o
                0x080046b8                xQueueGenericSendFromISR
 .text.xQueueReceive
                0x080047f4      0x1c4 Middlewares/Third_Party/FreeRTOS/Source/queue.o
                0x080047f4                xQueueReceive
 .text.xQueueReceiveFromISR
                0x080049b8      0x104 Middlewares/Third_Party/FreeRTOS/Source/queue.o
                0x080049b8                xQueueReceiveFromISR
 .text.uxQueueMessagesWaiting
                0x08004abc       0x3e Middlewares/Third_Party/FreeRTOS/Source/queue.o
                0x08004abc                uxQueueMessagesWaiting
 .text.uxQueueMessagesWaitingFromISR
                0x08004afa       0x3e Middlewares/Third_Party/FreeRTOS/Source/queue.o
                0x08004afa                uxQueueMessagesWaitingFromISR
 .text.prvCopyDataToQueue
                0x08004b38       0xd4 Middlewares/Third_Party/FreeRTOS/Source/queue.o
 .text.prvCopyDataFromQueue
                0x08004c0c       0x4c Middlewares/Third_Party/FreeRTOS/Source/queue.o
 .text.prvUnlockQueue
                0x08004c58       0xa4 Middlewares/Third_Party/FreeRTOS/Source/queue.o
 .text.prvIsQueueEmpty
                0x08004cfc       0x2c Middlewares/Third_Party/FreeRTOS/Source/queue.o
 .text.prvIsQueueFull
                0x08004d28       0x30 Middlewares/Third_Party/FreeRTOS/Source/queue.o
 .text.vQueueAddToRegistry
                0x08004d58       0x54 Middlewares/Third_Party/FreeRTOS/Source/queue.o
                0x08004d58                vQueueAddToRegistry
 .text.vQueueWaitForMessageRestricted
                0x08004dac       0x68 Middlewares/Third_Party/FreeRTOS/Source/queue.o
                0x08004dac                vQueueWaitForMessageRestricted
 .text.xTaskCreateStatic
                0x08004e14       0xc0 Middlewares/Third_Party/FreeRTOS/Source/tasks.o
                0x08004e14                xTaskCreateStatic
 .text.xTaskCreate
                0x08004ed4       0x8a Middlewares/Third_Party/FreeRTOS/Source/tasks.o
                0x08004ed4                xTaskCreate
 .text.prvInitialiseNewTask
                0x08004f5e      0x120 Middlewares/Third_Party/FreeRTOS/Source/tasks.o
 *fill*         0x0800507e        0x2 
 .text.prvAddNewTaskToReadyList
                0x08005080       0xe0 Middlewares/Third_Party/FreeRTOS/Source/tasks.o
 .text.vTaskDelete
                0x08005160       0xe8 Middlewares/Third_Party/FreeRTOS/Source/tasks.o
                0x08005160                vTaskDelete
 .text.vTaskDelay
                0x08005248       0x6c Middlewares/Third_Party/FreeRTOS/Source/tasks.o
                0x08005248                vTaskDelay
 .text.vTaskSuspend
                0x080052b4       0xec Middlewares/Third_Party/FreeRTOS/Source/tasks.o
                0x080052b4                vTaskSuspend
 .text.prvTaskIsTaskSuspended
                0x080053a0       0x64 Middlewares/Third_Party/FreeRTOS/Source/tasks.o
 .text.vTaskResume
                0x08005404       0xc0 Middlewares/Third_Party/FreeRTOS/Source/tasks.o
                0x08005404                vTaskResume
 .text.vTaskStartScheduler
                0x080054c4       0xd0 Middlewares/Third_Party/FreeRTOS/Source/tasks.o
                0x080054c4                vTaskStartScheduler
 .text.vTaskSuspendAll
                0x08005594       0x1c Middlewares/Third_Party/FreeRTOS/Source/tasks.o
                0x08005594                vTaskSuspendAll
 .text.xTaskResumeAll
                0x080055b0      0x13c Middlewares/Third_Party/FreeRTOS/Source/tasks.o
                0x080055b0                xTaskResumeAll
 .text.xTaskGetTickCount
                0x080056ec       0x20 Middlewares/Third_Party/FreeRTOS/Source/tasks.o
                0x080056ec                xTaskGetTickCount
 .text.xTaskGetTickCountFromISR
                0x0800570c       0x24 Middlewares/Third_Party/FreeRTOS/Source/tasks.o
                0x0800570c                xTaskGetTickCountFromISR
 .text.xTaskIncrementTick
                0x08005730      0x174 Middlewares/Third_Party/FreeRTOS/Source/tasks.o
                0x08005730                xTaskIncrementTick
 .text.vTaskSwitchContext
                0x080058a4       0xbc Middlewares/Third_Party/FreeRTOS/Source/tasks.o
                0x080058a4                vTaskSwitchContext
 .text.vTaskPlaceOnEventList
                0x08005960       0x4c Middlewares/Third_Party/FreeRTOS/Source/tasks.o
                0x08005960                vTaskPlaceOnEventList
 .text.vTaskPlaceOnEventListRestricted
                0x080059ac       0x58 Middlewares/Third_Party/FreeRTOS/Source/tasks.o
                0x080059ac                vTaskPlaceOnEventListRestricted
 .text.xTaskRemoveFromEventList
                0x08005a04       0xc8 Middlewares/Third_Party/FreeRTOS/Source/tasks.o
                0x08005a04                xTaskRemoveFromEventList
 .text.vTaskInternalSetTimeOutState
                0x08005acc       0x2c Middlewares/Third_Party/FreeRTOS/Source/tasks.o
                0x08005acc                vTaskInternalSetTimeOutState
 .text.xTaskCheckForTimeOut
                0x08005af8       0xc8 Middlewares/Third_Party/FreeRTOS/Source/tasks.o
                0x08005af8                xTaskCheckForTimeOut
 .text.vTaskMissedYield
                0x08005bc0       0x18 Middlewares/Third_Party/FreeRTOS/Source/tasks.o
                0x08005bc0                vTaskMissedYield
 .text.prvIdleTask
                0x08005bd8       0x34 Middlewares/Third_Party/FreeRTOS/Source/tasks.o
 .text.prvInitialiseTaskLists
                0x08005c0c       0x80 Middlewares/Third_Party/FreeRTOS/Source/tasks.o
 .text.prvCheckTasksWaitingTermination
                0x08005c8c       0x5c Middlewares/Third_Party/FreeRTOS/Source/tasks.o
 .text.prvDeleteTCB
                0x08005ce8       0x60 Middlewares/Third_Party/FreeRTOS/Source/tasks.o
 .text.prvResetNextTaskUnblockTime
                0x08005d48       0x40 Middlewares/Third_Party/FreeRTOS/Source/tasks.o
 .text.xTaskGetSchedulerState
                0x08005d88       0x3c Middlewares/Third_Party/FreeRTOS/Source/tasks.o
                0x08005d88                xTaskGetSchedulerState
 .text.xTaskPriorityDisinherit
                0x08005dc4       0xe0 Middlewares/Third_Party/FreeRTOS/Source/tasks.o
                0x08005dc4                xTaskPriorityDisinherit
 .text.prvAddCurrentTaskToDelayedList
                0x08005ea4       0xa8 Middlewares/Third_Party/FreeRTOS/Source/tasks.o
 .text.xTimerCreateTimerTask
                0x08005f4c       0x94 Middlewares/Third_Party/FreeRTOS/Source/timers.o
                0x08005f4c                xTimerCreateTimerTask
 .text.xTimerGenericCommand
                0x08005fe0       0x9c Middlewares/Third_Party/FreeRTOS/Source/timers.o
                0x08005fe0                xTimerGenericCommand
 .text.prvProcessExpiredTimer
                0x0800607c       0x9c Middlewares/Third_Party/FreeRTOS/Source/timers.o
 .text.prvTimerTask
                0x08006118       0x26 Middlewares/Third_Party/FreeRTOS/Source/timers.o
 *fill*         0x0800613e        0x2 
 .text.prvProcessTimerOrBlockTask
                0x08006140       0x9c Middlewares/Third_Party/FreeRTOS/Source/timers.o
 .text.prvGetNextExpireTime
                0x080061dc       0x48 Middlewares/Third_Party/FreeRTOS/Source/timers.o
 .text.prvSampleTimeNow
                0x08006224       0x40 Middlewares/Third_Party/FreeRTOS/Source/timers.o
 .text.prvInsertTimerInActiveList
                0x08006264       0x84 Middlewares/Third_Party/FreeRTOS/Source/timers.o
 .text.prvProcessReceivedCommands
                0x080062e8      0x1cc Middlewares/Third_Party/FreeRTOS/Source/timers.o
 .text.prvSwitchTimerLists
                0x080064b4       0xcc Middlewares/Third_Party/FreeRTOS/Source/timers.o
 .text.prvCheckForValidListAndQueue
                0x08006580       0x80 Middlewares/Third_Party/FreeRTOS/Source/timers.o
 .text.std      0x08006600       0x6c /home/ubuntu/st/stm32cubeide_2.1.0/plugins/com.st.stm32cube.ide.mcu.externaltools.gnu-tools-for-stm32.14.3.rel1.linux64_1.0.100.202602081740/tools/bin/../lib/gcc/arm-none-eabi/14.3.1/../../../../arm-none-eabi/lib/thumb/v7e-m+fp/hard/libc_nano.a(libc_a-findfp.o)
 .text.stdio_exit_handler
                0x0800666c       0x18 /home/ubuntu/st/stm32cubeide_2.1.0/plugins/com.st.stm32cube.ide.mcu.externaltools.gnu-tools-for-stm32.14.3.rel1.linux64_1.0.100.202602081740/tools/bin/../lib/gcc/arm-none-eabi/14.3.1/../../../../arm-none-eabi/lib/thumb/v7e-m+fp/hard/libc_nano.a(libc_a-findfp.o)
 .text.cleanup_stdio
                0x08006684       0x40 /home/ubuntu/st/stm32cubeide_2.1.0/plugins/com.st.stm32cube.ide.mcu.externaltools.gnu-tools-for-stm32.14.3.rel1.linux64_1.0.100.202602081740/tools/bin/../lib/gcc/arm-none-eabi/14.3.1/../../../../arm-none-eabi/lib/thumb/v7e-m+fp/hard/libc_nano.a(libc_a-findfp.o)
 .text.global_stdio_init.part.0
                0x080066c4       0x40 /home/ubuntu/st/stm32cubeide_2.1.0/plugins/com.st.stm32cube.ide.mcu.externaltools.gnu-tools-for-stm32.14.3.rel1.linux64_1.0.100.202602081740/tools/bin/../lib/gcc/arm-none-eabi/14.3.1/../../../../arm-none-eabi/lib/thumb/v7e-m+fp/hard/libc_nano.a(libc_a-findfp.o)
 .text.__sfp_lock_acquire
                0x08006704        0xc /home/ubuntu/st/stm32cubeide_2.1.0/plugins/com.st.stm32cube.ide.mcu.externaltools.gnu-tools-for-stm32.14.3.rel1.linux64_1.0.100.202602081740/tools/bin/../lib/gcc/arm-none-eabi/14.3.1/../../../../arm-none-eabi/lib/thumb/v7e-m+fp/hard/libc_nano.a(libc_a-findfp.o)
                0x08006704                __sfp_lock_acquire
 .text.__sfp_lock_release
                0x08006710        0xc /home/ubuntu/st/stm32cubeide_2.1.0/plugins/com.st.stm32cube.ide.mcu.externaltools.gnu-tools-for-stm32.14.3.rel1.linux64_1.0.100.202602081740/tools/bin/../lib/gcc/arm-none-eabi/14.3.1/../../../../arm-none-eabi/lib/thumb/v7e-m+fp/hard/libc_nano.a(libc_a-findfp.o)
                0x08006710                __sfp_lock_release
 .text.__sinit  0x0800671c       0x30 /home/ubuntu/st/stm32cubeide_2.1.0/plugins/com.st.stm32cube.ide.mcu.externaltools.gnu-tools-for-stm32.14.3.rel1.linux64_1.0.100.202602081740/tools/bin/../lib/gcc/arm-none-eabi/14.3.1/../../../../arm-none-eabi/lib/thumb/v7e-m+fp/hard/libc_nano.a(libc_a-findfp.o)
                0x0800671c                __sinit
 .text._fwalk_sglue
                0x0800674c       0x3c /home/ubuntu/st/stm32cubeide_2.1.0/plugins/com.st.stm32cube.ide.mcu.externaltools.gnu-tools-for-stm32.14.3.rel1.linux64_1.0.100.202602081740/tools/bin/../lib/gcc/arm-none-eabi/14.3.1/../../../../arm-none-eabi/lib/thumb/v7e-m+fp/hard/libc_nano.a(libc_a-fwalk.o)
                0x0800674c                _fwalk_sglue
 .text.printf   0x08006788       0x24 /home/ubuntu/st/stm32cubeide_2.1.0/plugins/com.st.stm32cube.ide.mcu.externaltools.gnu-tools-for-stm32.14.3.rel1.linux64_1.0.100.202602081740/tools/bin/../lib/gcc/arm-none-eabi/14.3.1/../../../../arm-none-eabi/lib/thumb/v7e-m+fp/hard/libc_nano.a(libc_a-printf.o)
                0x08006788                printf
                0x08006788                iprintf
 .text._puts_r  0x080067ac       0xaa /home/ubuntu/st/stm32cubeide_2.1.0/plugins/com.st.stm32cube.ide.mcu.externaltools.gnu-tools-for-stm32.14.3.rel1.linux64_1.0.100.202602081740/tools/bin/../lib/gcc/arm-none-eabi/14.3.1/../../../../arm-none-eabi/lib/thumb/v7e-m+fp/hard/libc_nano.a(libc_a-puts.o)
                0x080067ac                _puts_r
 *fill*         0x08006856        0x2 
 .text.puts     0x08006858       0x10 /home/ubuntu/st/stm32cubeide_2.1.0/plugins/com.st.stm32cube.ide.mcu.externaltools.gnu-tools-for-stm32.14.3.rel1.linux64_1.0.100.202602081740/tools/bin/../lib/gcc/arm-none-eabi/14.3.1/../../../../arm-none-eabi/lib/thumb/v7e-m+fp/hard/libc_nano.a(libc_a-puts.o)
                0x08006858                puts
 .text.__sread  0x08006868       0x22 /home/ubuntu/st/stm32cubeide_2.1.0/plugins/com.st.stm32cube.ide.mcu.externaltools.gnu-tools-for-stm32.14.3.rel1.linux64_1.0.100.202602081740/tools/bin/../lib/gcc/arm-none-eabi/14.3.1/../../../../arm-none-eabi/lib/thumb/v7e-m+fp/hard/libc_nano.a(libc_a-stdio.o)
                0x08006868                __sread
 .text.__swrite
                0x0800688a       0x38 /home/ubuntu/st/stm32cubeide_2.1.0/plugins/com.st.stm32cube.ide.mcu.externaltools.gnu-tools-for-stm32.14.3.rel1.linux64_1.0.100.202602081740/tools/bin/../lib/gcc/arm-none-eabi/14.3.1/../../../../arm-none-eabi/lib/thumb/v7e-m+fp/hard/libc_nano.a(libc_a-stdio.o)
                0x0800688a                __swrite
 .text.__sseek  0x080068c2       0x26 /home/ubuntu/st/stm32cubeide_2.1.0/plugins/com.st.stm32cube.ide.mcu.externaltools.gnu-tools-for-stm32.14.3.rel1.linux64_1.0.100.202602081740/tools/bin/../lib/gcc/arm-none-eabi/14.3.1/../../../../arm-none-eabi/lib/thumb/v7e-m+fp/hard/libc_nano.a(libc_a-stdio.o)
                0x080068c2                __sseek
 .text.__sclose
                0x080068e8        0x8 /home/ubuntu/st/stm32cubeide_2.1.0/plugins/com.st.stm32cube.ide.mcu.externaltools.gnu-tools-for-stm32.14.3.rel1.linux64_1.0.100.202602081740/tools/bin/../lib/gcc/arm-none-eabi/14.3.1/../../../../arm-none-eabi/lib/thumb/v7e-m+fp/hard/libc_nano.a(libc_a-stdio.o)
                0x080068e8                __sclose
 .text.__swbuf_r
                0x080068f0       0x7c /home/ubuntu/st/stm32cubeide_2.1.0/plugins/com.st.stm32cube.ide.mcu.externaltools.gnu-tools-for-stm32.14.3.rel1.linux64_1.0.100.202602081740/tools/bin/../lib/gcc/arm-none-eabi/14.3.1/../../../../arm-none-eabi/lib/thumb/v7e-m+fp/hard/libc_nano.a(libc_a-wbuf.o)
                0x080068f0                __swbuf_r
 .text.__swsetup_r
                0x0800696c       0xa8 /home/ubuntu/st/stm32cubeide_2.1.0/plugins/com.st.stm32cube.ide.mcu.externaltools.gnu-tools-for-stm32.14.3.rel1.linux64_1.0.100.202602081740/tools/bin/../lib/gcc/arm-none-eabi/14.3.1/../../../../arm-none-eabi/lib/thumb/v7e-m+fp/hard/libc_nano.a(libc_a-wsetup.o)
                0x0800696c                __swsetup_r
 .text.memset   0x08006a14       0x10 /home/ubuntu/st/stm32cubeide_2.1.0/plugins/com.st.stm32cube.ide.mcu.externaltools.gnu-tools-for-stm32.14.3.rel1.linux64_1.0.100.202602081740/tools/bin/../lib/gcc/arm-none-eabi/14.3.1/../../../../arm-none-eabi/lib/thumb/v7e-m+fp/hard/libc_nano.a(libc_a-memset.o)
                0x08006a14                memset
 .text._close_r
                0x08006a24       0x20 /home/ubuntu/st/stm32cubeide_2.1.0/plugins/com.st.stm32cube.ide.mcu.externaltools.gnu-tools-for-stm32.14.3.rel1.linux64_1.0.100.202602081740/tools/bin/../lib/gcc/arm-none-eabi/14.3.1/../../../../arm-none-eabi/lib/thumb/v7e-m+fp/hard/libc_nano.a(libc_a-closer.o)
                0x08006a24                _close_r
 .text._lseek_r
                0x08006a44       0x24 /home/ubuntu/st/stm32cubeide_2.1.0/plugins/com.st.stm32cube.ide.mcu.externaltools.gnu-tools-for-stm32.14.3.rel1.linux64_1.0.100.202602081740/tools/bin/../lib/gcc/arm-none-eabi/14.3.1/../../../../arm-none-eabi/lib/thumb/v7e-m+fp/hard/libc_nano.a(libc_a-lseekr.o)
                0x08006a44                _lseek_r
 .text._read_r  0x08006a68       0x24 /home/ubuntu/st/stm32cubeide_2.1.0/plugins/com.st.stm32cube.ide.mcu.externaltools.gnu-tools-for-stm32.14.3.rel1.linux64_1.0.100.202602081740/tools/bin/../lib/gcc/arm-none-eabi/14.3.1/../../../../arm-none-eabi/lib/thumb/v7e-m+fp/hard/libc_nano.a(libc_a-readr.o)
                0x08006a68                _read_r
 .text._write_r
                0x08006a8c       0x24 /home/ubuntu/st/stm32cubeide_2.1.0/plugins/com.st.stm32cube.ide.mcu.externaltools.gnu-tools-for-stm32.14.3.rel1.linux64_1.0.100.202602081740/tools/bin/../lib/gcc/arm-none-eabi/14.3.1/../../../../arm-none-eabi/lib/thumb/v7e-m+fp/hard/libc_nano.a(libc_a-writer.o)
                0x08006a8c                _write_r
 .text.__errno  0x08006ab0        0xc /home/ubuntu/st/stm32cubeide_2.1.0/plugins/com.st.stm32cube.ide.mcu.externaltools.gnu-tools-for-stm32.14.3.rel1.linux64_1.0.100.202602081740/tools/bin/../lib/gcc/arm-none-eabi/14.3.1/../../../../arm-none-eabi/lib/thumb/v7e-m+fp/hard/libc_nano.a(libc_a-errno.o)
                0x08006ab0                __errno
 .text.__libc_init_array
                0x08006abc       0x48 /home/ubuntu/st/stm32cubeide_2.1.0/plugins/com.st.stm32cube.ide.mcu.externaltools.gnu-tools-for-stm32.14.3.rel1.linux64_1.0.100.202602081740/tools/bin/../lib/gcc/arm-none-eabi/14.3.1/../../../../arm-none-eabi/lib/thumb/v7e-m+fp/hard/libc_nano.a(libc_a-init.o)
                0x08006abc                __libc_init_array
 .text.__retarget_lock_init_recursive
                0x08006b04        0x2 /home/ubuntu/st/stm32cubeide_2.1.0/plugins/com.st.stm32cube.ide.mcu.externaltools.gnu-tools-for-stm32.14.3.rel1.linux64_1.0.100.202602081740/tools/bin/../lib/gcc/arm-none-eabi/14.3.1/../../../../arm-none-eabi/lib/thumb/v7e-m+fp/hard/libc_nano.a(libc_a-lock.o)
                0x08006b04                __retarget_lock_init_recursive
 .text.__retarget_lock_acquire_recursive
                0x08006b06        0x2 /home/ubuntu/st/stm32cubeide_2.1.0/plugins/com.st.stm32cube.ide.mcu.externaltools.gnu-tools-for-stm32.14.3.rel1.linux64_1.0.100.202602081740/tools/bin/../lib/gcc/arm-none-eabi/14.3.1/../../../../arm-none-eabi/lib/thumb/v7e-m+fp/hard/libc_nano.a(libc_a-lock.o)
                0x08006b06                __retarget_lock_acquire_recursive
 .text.__retarget_lock_release_recursive
                0x08006b08        0x2 /home/ubuntu/st/stm32cubeide_2.1.0/plugins/com.st.stm32cube.ide.mcu.externaltools.gnu-tools-for-stm32.14.3.rel1.linux64_1.0.100.202602081740/tools/bin/../lib/gcc/arm-none-eabi/14.3.1/../../../../arm-none-eabi/lib/thumb/v7e-m+fp/hard/libc_nano.a(libc_a-lock.o)
                0x08006b08                __retarget_lock_release_recursive
 .text.memcpy   0x08006b0a       0x1c /home/ubuntu/st/stm32cubeide_2.1.0/plugins/com.st.stm32cube.ide.mcu.externaltools.gnu-tools-for-stm32.14.3.rel1.linux64_1.0.100.202602081740/tools/bin/../lib/gcc/arm-none-eabi/14.3.1/../../../../arm-none-eabi/lib/thumb/v7e-m+fp/hard/libc_nano.a(libc_a-memcpy-stub.o)
                0x08006b0a                memcpy
 *fill*         0x08006b26        0x2 
 .text._free_r  0x08006b28       0x94 /home/ubuntu/st/stm32cubeide_2.1.0/plugins/com.st.stm32cube.ide.mcu.externaltools.gnu-tools-for-stm32.14.3.rel1.linux64_1.0.100.202602081740/tools/bin/../lib/gcc/arm-none-eabi/14.3.1/../../../../arm-none-eabi/lib/thumb/v7e-m+fp/hard/libc_nano.a(libc_a-freer.o)
                0x08006b28                _free_r
 .text.sbrk_aligned
                0x08006bbc       0x44 /home/ubuntu/st/stm32cubeide_2.1.0/plugins/com.st.stm32cube.ide.mcu.externaltools.gnu-tools-for-stm32.14.3.rel1.linux64_1.0.100.202602081740/tools/bin/../lib/gcc/arm-none-eabi/14.3.1/../../../../arm-none-eabi/lib/thumb/v7e-m+fp/hard/libc_nano.a(libc_a-mallocr.o)
 .text._malloc_r
                0x08006c00      0x100 /home/ubuntu/st/stm32cubeide_2.1.0/plugins/com.st.stm32cube.ide.mcu.externaltools.gnu-tools-for-stm32.14.3.rel1.linux64_1.0.100.202602081740/tools/bin/../lib/gcc/arm-none-eabi/14.3.1/../../../../arm-none-eabi/lib/thumb/v7e-m+fp/hard/libc_nano.a(libc_a-mallocr.o)
                0x08006c00                _malloc_r
 .text.__malloc_lock
                0x08006d00        0xc /home/ubuntu/st/stm32cubeide_2.1.0/plugins/com.st.stm32cube.ide.mcu.externaltools.gnu-tools-for-stm32.14.3.rel1.linux64_1.0.100.202602081740/tools/bin/../lib/gcc/arm-none-eabi/14.3.1/../../../../arm-none-eabi/lib/thumb/v7e-m+fp/hard/libc_nano.a(libc_a-mlock.o)
                0x08006d00                __malloc_lock
 .text.__malloc_unlock
                0x08006d0c        0xc /home/ubuntu/st/stm32cubeide_2.1.0/plugins/com.st.stm32cube.ide.mcu.externaltools.gnu-tools-for-stm32.14.3.rel1.linux64_1.0.100.202602081740/tools/bin/../lib/gcc/arm-none-eabi/14.3.1/../../../../arm-none-eabi/lib/thumb/v7e-m+fp/hard/libc_nano.a(libc_a-mlock.o)
                0x08006d0c                __malloc_unlock
 .text.__sfputc_r
                0x08006d18       0x2e /home/ubuntu/st/stm32cubeide_2.1.0/plugins/com.st.stm32cube.ide.mcu.externaltools.gnu-tools-for-stm32.14.3.rel1.linux64_1.0.100.202602081740/tools/bin/../lib/gcc/arm-none-eabi/14.3.1/../../../../arm-none-eabi/lib/thumb/v7e-m+fp/hard/libc_nano.a(libc_a-nano-vfprintf.o)
 .text.__sfputs_r
                0x08006d46       0x24 /home/ubuntu/st/stm32cubeide_2.1.0/plugins/com.st.stm32cube.ide.mcu.externaltools.gnu-tools-for-stm32.14.3.rel1.linux64_1.0.100.202602081740/tools/bin/../lib/gcc/arm-none-eabi/14.3.1/../../../../arm-none-eabi/lib/thumb/v7e-m+fp/hard/libc_nano.a(libc_a-nano-vfprintf.o)
                0x08006d46                __sfputs_r
 *fill*         0x08006d6a        0x2 
 .text._vfprintf_r
                0x08006d6c      0x228 /home/ubuntu/st/stm32cubeide_2.1.0/plugins/com.st.stm32cube.ide.mcu.externaltools.gnu-tools-for-stm32.14.3.rel1.linux64_1.0.100.202602081740/tools/bin/../lib/gcc/arm-none-eabi/14.3.1/../../../../arm-none-eabi/lib/thumb/v7e-m+fp/hard/libc_nano.a(libc_a-nano-vfprintf.o)
                0x08006d6c                _vfiprintf_r
                0x08006d6c                _vfprintf_r
 .text._printf_common
                0x08006f94       0xda /home/ubuntu/st/stm32cubeide_2.1.0/plugins/com.st.stm32cube.ide.mcu.externaltools.gnu-tools-for-stm32.14.3.rel1.linux64_1.0.100.202602081740/tools/bin/../lib/gcc/arm-none-eabi/14.3.1/../../../../arm-none-eabi/lib/thumb/v7e-m+fp/hard/libc_nano.a(libc_a-nano-vfprintf_i.o)
                0x08006f94                _printf_common
 *fill*         0x0800706e        0x2 
 .text._printf_i
                0x08007070      0x24c /home/ubuntu/st/stm32cubeide_2.1.0/plugins/com.st.stm32cube.ide.mcu.externaltools.gnu-tools-for-stm32.14.3.rel1.linux64_1.0.100.202602081740/tools/bin/../lib/gcc/arm-none-eabi/14.3.1/../../../../arm-none-eabi/lib/thumb/v7e-m+fp/hard/libc_nano.a(libc_a-nano-vfprintf_i.o)
                0x08007070                _printf_i
 .text.__sflush_r
                0x080072bc      0x104 /home/ubuntu/st/stm32cubeide_2.1.0/plugins/com.st.stm32cube.ide.mcu.externaltools.gnu-tools-for-stm32.14.3.rel1.linux64_1.0.100.202602081740/tools/bin/../lib/gcc/arm-none-eabi/14.3.1/../../../../arm-none-eabi/lib/thumb/v7e-m+fp/hard/libc_nano.a(libc_a-fflush.o)
                0x080072bc                __sflush_r
 .text._fflush_r
                0x080073c0       0x50 /home/ubuntu/st/stm32cubeide_2.1.0/plugins/com.st.stm32cube.ide.mcu.externaltools.gnu-tools-for-stm32.14.3.rel1.linux64_1.0.100.202602081740/tools/bin/../lib/gcc/arm-none-eabi/14.3.1/../../../../arm-none-eabi/lib/thumb/v7e-m+fp/hard/libc_nano.a(libc_a-fflush.o)
                0x080073c0                _fflush_r
 .text.__swhatbuf_r
                0x08007410       0x48 /home/ubuntu/st/stm32cubeide_2.1.0/plugins/com.st.stm32cube.ide.mcu.externaltools.gnu-tools-for-stm32.14.3.rel1.linux64_1.0.100.202602081740/tools/bin/../lib/gcc/arm-none-eabi/14.3.1/../../../../arm-none-eabi/lib/thumb/v7e-m+fp/hard/libc_nano.a(libc_a-makebuf.o)
                0x08007410                __swhatbuf_r
 .text.__smakebuf_r
                0x08007458       0x72 /home/ubuntu/st/stm32cubeide_2.1.0/plugins/com.st.stm32cube.ide.mcu.externaltools.gnu-tools-for-stm32.14.3.rel1.linux64_1.0.100.202602081740/tools/bin/../lib/gcc/arm-none-eabi/14.3.1/../../../../arm-none-eabi/lib/thumb/v7e-m+fp/hard/libc_nano.a(libc_a-makebuf.o)
                0x08007458                __smakebuf_r
 *fill*         0x080074ca        0x2 
 .text._fstat_r
                0x080074cc       0x24 /home/ubuntu/st/stm32cubeide_2.1.0/plugins/com.st.stm32cube.ide.mcu.externaltools.gnu-tools-for-stm32.14.3.rel1.linux64_1.0.100.202602081740/tools/bin/../lib/gcc/arm-none-eabi/14.3.1/../../../../arm-none-eabi/lib/thumb/v7e-m+fp/hard/libc_nano.a(libc_a-fstatr.o)
                0x080074cc                _fstat_r
 .text._isatty_r
                0x080074f0       0x20 /home/ubuntu/st/stm32cubeide_2.1.0/plugins/com.st.stm32cube.ide.mcu.externaltools.gnu-tools-for-stm32.14.3.rel1.linux64_1.0.100.202602081740/tools/bin/../lib/gcc/arm-none-eabi/14.3.1/../../../../arm-none-eabi/lib/thumb/v7e-m+fp/hard/libc_nano.a(libc_a-isattyr.o)
                0x080074f0                _isatty_r
 .text._sbrk_r  0x08007510       0x20 /home/ubuntu/st/stm32cubeide_2.1.0/plugins/com.st.stm32cube.ide.mcu.externaltools.gnu-tools-for-stm32.14.3.rel1.linux64_1.0.100.202602081740/tools/bin/../lib/gcc/arm-none-eabi/14.3.1/../../../../arm-none-eabi/lib/thumb/v7e-m+fp/hard/libc_nano.a(libc_a-sbrkr.o)
                0x08007510                _sbrk_r
 *(.glue_7)
 .glue_7        0x08007530        0x0 linker stubs
 *(.glue_7t)
 .glue_7t       0x08007530        0x0 linker stubs
 *(.eh_frame)
 .eh_frame      0x08007530        0x0 /home/ubuntu/st/stm32cubeide_2.1.0/plugins/com.st.stm32cube.ide.mcu.externaltools.gnu-tools-for-stm32.14.3.rel1.linux64_1.0.100.202602081740/tools/bin/../lib/gcc/arm-none-eabi/14.3.1/thumb/v7e-m+fp/hard/crtbegin.o
 *(.init)
 .init          0x08007530        0x4 /home/ubuntu/st/stm32cubeide_2.1.0/plugins/com.st.stm32cube.ide.mcu.externaltools.gnu-tools-for-stm32.14.3.rel1.linux64_1.0.100.202602081740/tools/bin/../lib/gcc/arm-none-eabi/14.3.1/thumb/v7e-m+fp/hard/crti.o
                0x08007530                _init
 .init          0x08007534        0x8 /home/ubuntu/st/stm32cubeide_2.1.0/plugins/com.st.stm32cube.ide.mcu.externaltools.gnu-tools-for-stm32.14.3.rel1.linux64_1.0.100.202602081740/tools/bin/../lib/gcc/arm-none-eabi/14.3.1/thumb/v7e-m+fp/hard/crtn.o
 *(.fini)
 .fini          0x0800753c        0x4 /home/ubuntu/st/stm32cubeide_2.1.0/plugins/com.st.stm32cube.ide.mcu.externaltools.gnu-tools-for-stm32.14.3.rel1.linux64_1.0.100.202602081740/tools/bin/../lib/gcc/arm-none-eabi/14.3.1/thumb/v7e-m+fp/hard/crti.o
                0x0800753c                _fini
 .fini          0x08007540        0x8 /home/ubuntu/st/stm32cubeide_2.1.0/plugins/com.st.stm32cube.ide.mcu.externaltools.gnu-tools-for-stm32.14.3.rel1.linux64_1.0.100.202602081740/tools/bin/../lib/gcc/arm-none-eabi/14.3.1/thumb/v7e-m+fp/hard/crtn.o
                0x08007548                        . = ALIGN (0x4)
                0x08007548                        _etext = .

.vfp11_veneer   0x08007548        0x0
 .vfp11_veneer  0x08007548        0x0 linker stubs

.v4_bx          0x08007548        0x0
 .v4_bx         0x08007548        0x0 linker stubs

.iplt           0x08007548        0x0
 .iplt          0x08007548        0x0 /home/ubuntu/st/stm32cubeide_2.1.0/plugins/com.st.stm32cube.ide.mcu.externaltools.gnu-tools-for-stm32.14.3.rel1.linux64_1.0.100.202602081740/tools/bin/../lib/gcc/arm-none-eabi/14.3.1/thumb/v7e-m+fp/hard/crtbegin.o

.rodata         0x08007548      0x1cc
                0x08007548                        . = ALIGN (0x4)
 *(.rodata)
 .rodata        0x08007548       0x4d Core/Src/main.o
 *fill*         0x08007595        0x3 
 .rodata        0x08007598       0x6f Core/Src/sensor.o
 *fill*         0x08007607        0x1 
 .rodata        0x08007608        0x5 Middlewares/Third_Party/FreeRTOS/Source/tasks.o
 *fill*         0x0800760d        0x3 
 .rodata        0x08007610        0xd Middlewares/Third_Party/FreeRTOS/Source/timers.o
 *(.rodata*)
 *fill*         0x0800761d        0x3 
 .rodata.defaultTask_attributes
                0x08007620       0x24 Core/Src/main.o
                0x08007620                defaultTask_attributes
 .rodata.SensorTask_attributes
                0x08007644       0x24 Core/Src/main.o
                0x08007644                SensorTask_attributes
 .rodata.LoggerTask_attributes
                0x08007668       0x24 Core/Src/main.o
                0x08007668                LoggerTask_attributes
 .rodata.BenchmarkTask_attributes
                0x0800768c       0x24 Core/Src/main.o
                0x0800768c                BenchmarkTask_attributes
 .rodata.logQueue_attributes
                0x080076b0       0x18 Core/Src/main.o
                0x080076b0                logQueue_attributes
 .rodata.AHBPrescTable
                0x080076c8       0x10 Core/Src/system_stm32f4xx.o
                0x080076c8                AHBPrescTable
 .rodata.APBPrescTable
                0x080076d8        0x8 Core/Src/system_stm32f4xx.o
                0x080076d8                APBPrescTable
 .rodata._vfprintf_r.str1.1
                0x080076e0       0x33 /home/ubuntu/st/stm32cubeide_2.1.0/plugins/com.st.stm32cube.ide.mcu.externaltools.gnu-tools-for-stm32.14.3.rel1.linux64_1.0.100.202602081740/tools/bin/../lib/gcc/arm-none-eabi/14.3.1/../../../../arm-none-eabi/lib/thumb/v7e-m+fp/hard/libc_nano.a(libc_a-nano-vfprintf.o)
                                 0x11 (size before relaxing)
 .rodata._printf_i.str1.1
                0x08007713       0x22 /home/ubuntu/st/stm32cubeide_2.1.0/plugins/com.st.stm32cube.ide.mcu.externaltools.gnu-tools-for-stm32.14.3.rel1.linux64_1.0.100.202602081740/tools/bin/../lib/gcc/arm-none-eabi/14.3.1/../../../../arm-none-eabi/lib/thumb/v7e-m+fp/hard/libc_nano.a(libc_a-nano-vfprintf_i.o)
                0x08007738                        . = ALIGN (0x4)
 *fill*         0x08007713        0x1 

.ARM.extab      0x08007714        0x0
                0x08007714                        . = ALIGN (0x4)
 *(.ARM.extab* .gnu.linkonce.armextab.*)
                0x08007714                        . = ALIGN (0x4)

.ARM            0x08007714        0x8
                0x08007714                        . = ALIGN (0x4)
                0x08007714                        __exidx_start = .
 *(.ARM.exidx*)
 .ARM.exidx     0x08007714        0x8 /home/ubuntu/st/stm32cubeide_2.1.0/plugins/com.st.stm32cube.ide.mcu.externaltools.gnu-tools-for-stm32.14.3.rel1.linux64_1.0.100.202602081740/tools/bin/../lib/gcc/arm-none-eabi/14.3.1/../../../../arm-none-eabi/lib/thumb/v7e-m+fp/hard/libc_nano.a(libc_a-memchr.o)
 .ARM.exidx     0x0800771c        0x0 /home/ubuntu/st/stm32cubeide_2.1.0/plugins/com.st.stm32cube.ide.mcu.externaltools.gnu-tools-for-stm32.14.3.rel1.linux64_1.0.100.202602081740/tools/bin/../lib/gcc/arm-none-eabi/14.3.1/thumb/v7e-m+fp/hard/libgcc.a(_udivmoddi4.o)
                                  0x8 (size before relaxing)
                0x0800771c                        __exidx_end = .
                0x0800771c                        . = ALIGN (0x4)

.preinit_array  0x0800771c        0x0
                0x0800771c                        . = ALIGN (0x4)
                0x0800771c                        PROVIDE (__preinit_array_start = .)
 *(.preinit_array*)
                0x0800771c                        PROVIDE (__preinit_array_end = .)
                0x0800771c                        . = ALIGN (0x4)

.init_array     0x0800771c        0x4
                0x0800771c                        . = ALIGN (0x4)
                0x0800771c                        PROVIDE (__init_array_start = .)
 *(SORT_BY_NAME(.init_array.*))
 *(.init_array*)
 .init_array    0x0800771c        0x4 /home/ubuntu/st/stm32cubeide_2.1.0/plugins/com.st.stm32cube.ide.mcu.externaltools.gnu-tools-for-stm32.14.3.rel1.linux64_1.0.100.202602081740/tools/bin/../lib/gcc/arm-none-eabi/14.3.1/thumb/v7e-m+fp/hard/crtbegin.o
                0x08007720                        PROVIDE (__init_array_end = .)
                0x08007720                        . = ALIGN (0x4)

.fini_array     0x08007720        0x4
                0x08007720                        . = ALIGN (0x4)
                [!provide]                        PROVIDE (__fini_array_start = .)
 *(SORT_BY_NAME(.fini_array.*))
 *(.fini_array*)
 .fini_array    0x08007720        0x4 /home/ubuntu/st/stm32cubeide_2.1.0/plugins/com.st.stm32cube.ide.mcu.externaltools.gnu-tools-for-stm32.14.3.rel1.linux64_1.0.100.202602081740/tools/bin/../lib/gcc/arm-none-eabi/14.3.1/thumb/v7e-m+fp/hard/crtbegin.o
                [!provide]                        PROVIDE (__fini_array_end = .)
                0x08007724                        . = ALIGN (0x4)
                0x08007724                        _sidata = LOADADDR (.data)

.rel.dyn        0x08007724        0x0
 .rel.iplt      0x08007724        0x0 /home/ubuntu/st/stm32cubeide_2.1.0/plugins/com.st.stm32cube.ide.mcu.externaltools.gnu-tools-for-stm32.14.3.rel1.linux64_1.0.100.202602081740/tools/bin/../lib/gcc/arm-none-eabi/14.3.1/thumb/v7e-m+fp/hard/crtbegin.o

.data           0x20000000       0x6c load address 0x08007724
                0x20000000                        . = ALIGN (0x4)
                0x20000000                        _sdata = .
 *(.data)
 *(.data*)
 .data.SystemCoreClock
                0x20000000        0x4 Core/Src/system_stm32f4xx.o
                0x20000000                SystemCoreClock
 .data.uwTickPrio
                0x20000004        0x4 Drivers/STM32F4xx_HAL_Driver/Src/stm32f4xx_hal.o
                0x20000004                uwTickPrio
 .data.uwTickFreq
                0x20000008        0x1 Drivers/STM32F4xx_HAL_Driver/Src/stm32f4xx_hal.o
                0x20000008                uwTickFreq
 *fill*         0x20000009        0x3 
 .data.uxCriticalNesting
                0x2000000c        0x4 Middlewares/Third_Party/FreeRTOS/Source/portable/GCC/ARM_CM4F/port.o
 .data.__sglue  0x20000010        0xc /home/ubuntu/st/stm32cubeide_2.1.0/plugins/com.st.stm32cube.ide.mcu.externaltools.gnu-tools-for-stm32.14.3.rel1.linux64_1.0.100.202602081740/tools/bin/../lib/gcc/arm-none-eabi/14.3.1/../../../../arm-none-eabi/lib/thumb/v7e-m+fp/hard/libc_nano.a(libc_a-findfp.o)
                0x20000010                __sglue
 .data._impure_ptr
                0x2000001c        0x4 /home/ubuntu/st/stm32cubeide_2.1.0/plugins/com.st.stm32cube.ide.mcu.externaltools.gnu-tools-for-stm32.14.3.rel1.linux64_1.0.100.202602081740/tools/bin/../lib/gcc/arm-none-eabi/14.3.1/../../../../arm-none-eabi/lib/thumb/v7e-m+fp/hard/libc_nano.a(libc_a-impure.o)
                0x2000001c                _impure_ptr
 .data._impure_data
                0x20000020       0x4c /home/ubuntu/st/stm32cubeide_2.1.0/plugins/com.st.stm32cube.ide.mcu.externaltools.gnu-tools-for-stm32.14.3.rel1.linux64_1.0.100.202602081740/tools/bin/../lib/gcc/arm-none-eabi/14.3.1/../../../../arm-none-eabi/lib/thumb/v7e-m+fp/hard/libc_nano.a(libc_a-impure.o)
                0x20000020                _impure_data
 *(.RamFunc)
 *(.RamFunc*)
                0x2000006c                        . = ALIGN (0x4)
                0x2000006c                        _edata = .

.igot.plt       0x2000006c        0x0 load address 0x08007790
 .igot.plt      0x2000006c        0x0 /home/ubuntu/st/stm32cubeide_2.1.0/plugins/com.st.stm32cube.ide.mcu.externaltools.gnu-tools-for-stm32.14.3.rel1.linux64_1.0.100.202602081740/tools/bin/../lib/gcc/arm-none-eabi/14.3.1/thumb/v7e-m+fp/hard/crtbegin.o
                0x2000006c                        . = ALIGN (0x4)

.bss            0x2000006c     0x4b84 load address 0x08007790
                0x2000006c                        _sbss = .
                0x2000006c                        __bss_start__ = _sbss
 *(.bss)
 .bss           0x2000006c       0x1c /home/ubuntu/st/stm32cubeide_2.1.0/plugins/com.st.stm32cube.ide.mcu.externaltools.gnu-tools-for-stm32.14.3.rel1.linux64_1.0.100.202602081740/tools/bin/../lib/gcc/arm-none-eabi/14.3.1/thumb/v7e-m+fp/hard/crtbegin.o
 *(.bss*)
 .bss.idle_counter
                0x20000088        0x4 Core/Src/benchmark_cpu.o
                0x20000088                idle_counter
 .bss.last_idle_counter
                0x2000008c        0x4 Core/Src/benchmark_cpu.o
 .bss.max_idle_per_sec
                0x20000090        0x4 Core/Src/benchmark_cpu.o
 .bss.max_queue_depth
                0x20000094        0x4 Core/Src/benchmark_sys.o
 .bss.queue_drop_count
                0x20000098        0x4 Core/Src/benchmark_sys.o
 .bss.queue_drop_last
                0x2000009c        0x4 Core/Src/benchmark_sys.o
 .bss.max_latency
                0x200000a0        0x4 Core/Src/benchmark_sys.o
 .bss.msg_count
                0x200000a4        0x4 Core/Src/benchmark_sys.o
 .bss.last_tick
                0x200000a8        0x4 Core/Src/benchmark_sys.o
 .bss.i2c       0x200000ac       0x20 Core/Src/i2c_driver.o
 .bss.i2c_cb    0x200000cc        0x4 Core/Src/i2c_driver.o
 .bss.huart2    0x200000d0       0x48 Core/Src/main.o
                0x200000d0                huart2
 .bss.defaultTaskHandle
                0x20000118        0x4 Core/Src/main.o
                0x20000118                defaultTaskHandle
 .bss.SensorTaskHandle
                0x2000011c        0x4 Core/Src/main.o
                0x2000011c                SensorTaskHandle
 .bss.LoggerTaskHandle
                0x20000120        0x4 Core/Src/main.o
                0x20000120                LoggerTaskHandle
 .bss.BenchmarkTaskHandle
                0x20000124        0x4 Core/Src/main.o
                0x20000124                BenchmarkTaskHandle
 .bss.logQueueHandle
                0x20000128        0x4 Core/Src/main.o
                0x20000128                logQueueHandle
 .bss.counter.0
                0x2000012c        0x4 Core/Src/main.o
 .bss.dig_T1    0x20000130        0x2 Core/Src/sensor.o
 .bss.dig_T2    0x20000132        0x2 Core/Src/sensor.o
 .bss.dig_T3    0x20000134        0x1 Core/Src/sensor.o
 *fill*         0x20000135        0x1 
 .bss.dig_P1    0x20000136        0x2 Core/Src/sensor.o
 .bss.dig_P2    0x20000138        0x2 Core/Src/sensor.o
 .bss.dig_P3    0x2000013a        0x1 Core/Src/sensor.o
 *fill*         0x2000013b        0x1 
 .bss.dig_P4    0x2000013c        0x2 Core/Src/sensor.o
 .bss.dig_P5    0x2000013e        0x2 Core/Src/sensor.o
 .bss.dig_P6    0x20000140        0x1 Core/Src/sensor.o
 .bss.dig_P7    0x20000141        0x1 Core/Src/sensor.o
 .bss.dig_P8    0x20000142        0x2 Core/Src/sensor.o
 .bss.dig_P9    0x20000144        0x2 Core/Src/sensor.o
 .bss.dig_P10   0x20000146        0x1 Core/Src/sensor.o
 *fill*         0x20000147        0x1 
 .bss.t_fine    0x20000148        0x4 Core/Src/sensor.o
 .bss.__sbrk_heap_end
                0x2000014c        0x4 Core/Src/sysmem.o
 .bss.uwTick    0x20000150        0x4 Drivers/STM32F4xx_HAL_Driver/Src/stm32f4xx_hal.o
                0x20000150                uwTick
 .bss.KernelState
                0x20000154        0x4 Middlewares/Third_Party/FreeRTOS/Source/CMSIS_RTOS_V2/cmsis_os2.o
 .bss.Idle_TCB.3
                0x20000158       0x5c Middlewares/Third_Party/FreeRTOS/Source/CMSIS_RTOS_V2/cmsis_os2.o
 .bss.Idle_Stack.2
                0x200001b4      0x200 Middlewares/Third_Party/FreeRTOS/Source/CMSIS_RTOS_V2/cmsis_os2.o
 .bss.Timer_TCB.1
                0x200003b4       0x5c Middlewares/Third_Party/FreeRTOS/Source/CMSIS_RTOS_V2/cmsis_os2.o
 .bss.Timer_Stack.0
                0x20000410      0x400 Middlewares/Third_Party/FreeRTOS/Source/CMSIS_RTOS_V2/cmsis_os2.o
 .bss.ucMaxSysCallPriority
                0x20000810        0x1 Middlewares/Third_Party/FreeRTOS/Source/portable/GCC/ARM_CM4F/port.o
 *fill*         0x20000811        0x3 
 .bss.ulMaxPRIGROUPValue
                0x20000814        0x4 Middlewares/Third_Party/FreeRTOS/Source/portable/GCC/ARM_CM4F/port.o
 .bss.ucHeap    0x20000818     0x3c00 Middlewares/Third_Party/FreeRTOS/Source/portable/MemMang/heap_4.o
 .bss.xStart    0x20004418        0x8 Middlewares/Third_Party/FreeRTOS/Source/portable/MemMang/heap_4.o
 .bss.pxEnd     0x20004420        0x4 Middlewares/Third_Party/FreeRTOS/Source/portable/MemMang/heap_4.o
 .bss.xFreeBytesRemaining
                0x20004424        0x4 Middlewares/Third_Party/FreeRTOS/Source/portable/MemMang/heap_4.o
 .bss.xMinimumEverFreeBytesRemaining
                0x20004428        0x4 Middlewares/Third_Party/FreeRTOS/Source/portable/MemMang/heap_4.o
 .bss.xNumberOfSuccessfulAllocations
                0x2000442c        0x4 Middlewares/Third_Party/FreeRTOS/Source/portable/MemMang/heap_4.o
 .bss.xNumberOfSuccessfulFrees
                0x20004430        0x4 Middlewares/Third_Party/FreeRTOS/Source/portable/MemMang/heap_4.o
 .bss.xBlockAllocatedBit
                0x20004434        0x4 Middlewares/Third_Party/FreeRTOS/Source/portable/MemMang/heap_4.o
 .bss.xQueueRegistry
                0x20004438       0x40 Middlewares/Third_Party/FreeRTOS/Source/queue.o
                0x20004438                xQueueRegistry
 .bss.pxCurrentTCB
                0x20004478        0x4 Middlewares/Third_Party/FreeRTOS/Source/tasks.o
                0x20004478                pxCurrentTCB
 .bss.pxReadyTasksLists
                0x2000447c      0x460 Middlewares/Third_Party/FreeRTOS/Source/tasks.o
 .bss.xDelayedTaskList1
                0x200048dc       0x14 Middlewares/Third_Party/FreeRTOS/Source/tasks.o
 .bss.xDelayedTaskList2
                0x200048f0       0x14 Middlewares/Third_Party/FreeRTOS/Source/tasks.o
 .bss.pxDelayedTaskList
                0x20004904        0x4 Middlewares/Third_Party/FreeRTOS/Source/tasks.o
 .bss.pxOverflowDelayedTaskList
                0x20004908        0x4 Middlewares/Third_Party/FreeRTOS/Source/tasks.o
 .bss.xPendingReadyList
                0x2000490c       0x14 Middlewares/Third_Party/FreeRTOS/Source/tasks.o
 .bss.xTasksWaitingTermination
                0x20004920       0x14 Middlewares/Third_Party/FreeRTOS/Source/tasks.o
 .bss.uxDeletedTasksWaitingCleanUp
                0x20004934        0x4 Middlewares/Third_Party/FreeRTOS/Source/tasks.o
 .bss.xSuspendedTaskList
                0x20004938       0x14 Middlewares/Third_Party/FreeRTOS/Source/tasks.o
 .bss.uxCurrentNumberOfTasks
                0x2000494c        0x4 Middlewares/Third_Party/FreeRTOS/Source/tasks.o
 .bss.xTickCount
                0x20004950        0x4 Middlewares/Third_Party/FreeRTOS/Source/tasks.o
 .bss.uxTopReadyPriority
                0x20004954        0x4 Middlewares/Third_Party/FreeRTOS/Source/tasks.o
 .bss.xSchedulerRunning
                0x20004958        0x4 Middlewares/Third_Party/FreeRTOS/Source/tasks.o
 .bss.xPendedTicks
                0x2000495c        0x4 Middlewares/Third_Party/FreeRTOS/Source/tasks.o
 .bss.xYieldPending
                0x20004960        0x4 Middlewares/Third_Party/FreeRTOS/Source/tasks.o
 .bss.xNumOfOverflows
                0x20004964        0x4 Middlewares/Third_Party/FreeRTOS/Source/tasks.o
 .bss.uxTaskNumber
                0x20004968        0x4 Middlewares/Third_Party/FreeRTOS/Source/tasks.o
 .bss.xNextTaskUnblockTime
                0x2000496c        0x4 Middlewares/Third_Party/FreeRTOS/Source/tasks.o
 .bss.xIdleTaskHandle
                0x20004970        0x4 Middlewares/Third_Party/FreeRTOS/Source/tasks.o
 .bss.uxSchedulerSuspended
                0x20004974        0x4 Middlewares/Third_Party/FreeRTOS/Source/tasks.o
 .bss.xActiveTimerList1
                0x20004978       0x14 Middlewares/Third_Party/FreeRTOS/Source/timers.o
 .bss.xActiveTimerList2
                0x2000498c       0x14 Middlewares/Third_Party/FreeRTOS/Source/timers.o
 .bss.pxCurrentTimerList
                0x200049a0        0x4 Middlewares/Third_Party/FreeRTOS/Source/timers.o
 .bss.pxOverflowTimerList
                0x200049a4        0x4 Middlewares/Third_Party/FreeRTOS/Source/timers.o
 .bss.xTimerQueue
                0x200049a8        0x4 Middlewares/Third_Party/FreeRTOS/Source/timers.o
 .bss.xTimerTaskHandle
                0x200049ac        0x4 Middlewares/Third_Party/FreeRTOS/Source/timers.o
 .bss.xLastTime.2
                0x200049b0        0x4 Middlewares/Third_Party/FreeRTOS/Source/timers.o
 .bss.ucStaticTimerQueueStorage.1
                0x200049b4       0xa0 Middlewares/Third_Party/FreeRTOS/Source/timers.o
 .bss.xStaticTimerQueue.0
                0x20004a54       0x50 Middlewares/Third_Party/FreeRTOS/Source/timers.o
 .bss.__sf      0x20004aa4      0x138 /home/ubuntu/st/stm32cubeide_2.1.0/plugins/com.st.stm32cube.ide.mcu.externaltools.gnu-tools-for-stm32.14.3.rel1.linux64_1.0.100.202602081740/tools/bin/../lib/gcc/arm-none-eabi/14.3.1/../../../../arm-none-eabi/lib/thumb/v7e-m+fp/hard/libc_nano.a(libc_a-findfp.o)
                0x20004aa4                __sf
 .bss.__stdio_exit_handler
                0x20004bdc        0x4 /home/ubuntu/st/stm32cubeide_2.1.0/plugins/com.st.stm32cube.ide.mcu.externaltools.gnu-tools-for-stm32.14.3.rel1.linux64_1.0.100.202602081740/tools/bin/../lib/gcc/arm-none-eabi/14.3.1/../../../../arm-none-eabi/lib/thumb/v7e-m+fp/hard/libc_nano.a(libc_a-findfp.o)
                0x20004bdc                __stdio_exit_handler
 .bss.errno     0x20004be0        0x4 /home/ubuntu/st/stm32cubeide_2.1.0/plugins/com.st.stm32cube.ide.mcu.externaltools.gnu-tools-for-stm32.14.3.rel1.linux64_1.0.100.202602081740/tools/bin/../lib/gcc/arm-none-eabi/14.3.1/../../../../arm-none-eabi/lib/thumb/v7e-m+fp/hard/libc_nano.a(libc_a-reent.o)
                0x20004be0                errno
 .bss.__lock___malloc_recursive_mutex
                0x20004be4        0x1 /home/ubuntu/st/stm32cubeide_2.1.0/plugins/com.st.stm32cube.ide.mcu.externaltools.gnu-tools-for-stm32.14.3.rel1.linux64_1.0.100.202602081740/tools/bin/../lib/gcc/arm-none-eabi/14.3.1/../../../../arm-none-eabi/lib/thumb/v7e-m+fp/hard/libc_nano.a(libc_a-lock.o)
                0x20004be4                __lock___malloc_recursive_mutex
 .bss.__lock___sfp_recursive_mutex
                0x20004be5        0x1 /home/ubuntu/st/stm32cubeide_2.1.0/plugins/com.st.stm32cube.ide.mcu.externaltools.gnu-tools-for-stm32.14.3.rel1.linux64_1.0.100.202602081740/tools/bin/../lib/gcc/arm-none-eabi/14.3.1/../../../../arm-none-eabi/lib/thumb/v7e-m+fp/hard/libc_nano.a(libc_a-lock.o)
                0x20004be5                __lock___sfp_recursive_mutex
 *fill*         0x20004be6        0x2 
 .bss.__malloc_sbrk_start
                0x20004be8        0x4 /home/ubuntu/st/stm32cubeide_2.1.0/plugins/com.st.stm32cube.ide.mcu.externaltools.gnu-tools-for-stm32.14.3.rel1.linux64_1.0.100.202602081740/tools/bin/../lib/gcc/arm-none-eabi/14.3.1/../../../../arm-none-eabi/lib/thumb/v7e-m+fp/hard/libc_nano.a(libc_a-mallocr.o)
                0x20004be8                __malloc_sbrk_start
 .bss.__malloc_free_list
                0x20004bec        0x4 /home/ubuntu/st/stm32cubeide_2.1.0/plugins/com.st.stm32cube.ide.mcu.externaltools.gnu-tools-for-stm32.14.3.rel1.linux64_1.0.100.202602081740/tools/bin/../lib/gcc/arm-none-eabi/14.3.1/../../../../arm-none-eabi/lib/thumb/v7e-m+fp/hard/libc_nano.a(libc_a-mallocr.o)
                0x20004bec                __malloc_free_list
 *(COMMON)
                0x20004bf0                        . = ALIGN (0x4)
                0x20004bf0                        _ebss = .
                0x20004bf0                        __bss_end__ = _ebss

._user_heap_stack
                0x20004bf0      0x600 load address 0x08007790
                0x20004bf0                        . = ALIGN (0x8)
                [!provide]                        PROVIDE (end = .)
                0x20004bf0                        PROVIDE (_end = .)
                0x20004df0                        . = (. + _Min_Heap_Size)
 *fill*         0x20004bf0      0x200 
                0x200051f0                        . = (. + _Min_Stack_Size)
 *fill*         0x20004df0      0x400 
                0x200051f0                        . = ALIGN (0x8)

/DISCARD/
 libc.a(*)
 libm.a(*)
 libgcc.a(*)

.ARM.attributes
                0x00000000       0x30
 *(.ARM.attributes)
 .ARM.attributes
                0x00000000       0x22 /home/ubuntu/st/stm32cubeide_2.1.0/plugins/com.st.stm32cube.ide.mcu.externaltools.gnu-tools-for-stm32.14.3.rel1.linux64_1.0.100.202602081740/tools/bin/../lib/gcc/arm-none-eabi/14.3.1/thumb/v7e-m+fp/hard/crti.o
 .ARM.attributes
                0x00000022       0x34 /home/ubuntu/st/stm32cubeide_2.1.0/plugins/com.st.stm32cube.ide.mcu.externaltools.gnu-tools-for-stm32.14.3.rel1.linux64_1.0.100.202602081740/tools/bin/../lib/gcc/arm-none-eabi/14.3.1/thumb/v7e-m+fp/hard/crtbegin.o
 .ARM.attributes
                0x00000056       0x34 Core/Src/benchmark_cpu.o
 .ARM.attributes
                0x0000008a       0x34 Core/Src/benchmark_sys.o
 .ARM.attributes
                0x000000be       0x34 Core/Src/freertos.o
 .ARM.attributes
                0x000000f2       0x34 Core/Src/i2c_driver.o
 .ARM.attributes
                0x00000126       0x34 Core/Src/i2c_driver_polling.o
 .ARM.attributes
                0x0000015a       0x34 Core/Src/main.o
 .ARM.attributes
                0x0000018e       0x34 Core/Src/sensor.o
 .ARM.attributes
                0x000001c2       0x34 Core/Src/stm32f4xx_hal_msp.o
 .ARM.attributes
                0x000001f6       0x34 Core/Src/stm32f4xx_it.o
 .ARM.attributes
                0x0000022a       0x34 Core/Src/syscalls.o
 .ARM.attributes
                0x0000025e       0x34 Core/Src/sysmem.o
 .ARM.attributes
                0x00000292       0x34 Core/Src/system_stm32f4xx.o
 .ARM.attributes
                0x000002c6       0x21 Core/Startup/startup_stm32f446retx.o
 .ARM.attributes
                0x000002e7       0x34 Drivers/STM32F4xx_HAL_Driver/Src/stm32f4xx_hal.o
 .ARM.attributes
                0x0000031b       0x34 Drivers/STM32F4xx_HAL_Driver/Src/stm32f4xx_hal_cortex.o
 .ARM.attributes
                0x0000034f       0x34 Drivers/STM32F4xx_HAL_Driver/Src/stm32f4xx_hal_gpio.o
 .ARM.attributes
                0x00000383       0x34 Drivers/STM32F4xx_HAL_Driver/Src/stm32f4xx_hal_rcc.o
 .ARM.attributes
                0x000003b7       0x34 Drivers/STM32F4xx_HAL_Driver/Src/stm32f4xx_hal_rcc_ex.o
 .ARM.attributes
                0x000003eb       0x34 Drivers/STM32F4xx_HAL_Driver/Src/stm32f4xx_hal_uart.o
 .ARM.attributes
                0x0000041f       0x34 Middlewares/Third_Party/FreeRTOS/Source/CMSIS_RTOS_V2/cmsis_os2.o
 .ARM.attributes
                0x00000453       0x34 Middlewares/Third_Party/FreeRTOS/Source/list.o
 .ARM.attributes
                0x00000487       0x34 Middlewares/Third_Party/FreeRTOS/Source/portable/GCC/ARM_CM4F/port.o
 .ARM.attributes
                0x000004bb       0x34 Middlewares/Third_Party/FreeRTOS/Source/portable/MemMang/heap_4.o
 .ARM.attributes
                0x000004ef       0x34 Middlewares/Third_Party/FreeRTOS/Source/queue.o
 .ARM.attributes
                0x00000523       0x34 Middlewares/Third_Party/FreeRTOS/Source/tasks.o
 .ARM.attributes
                0x00000557       0x34 Middlewares/Third_Party/FreeRTOS/Source/timers.o
 .ARM.attributes
                0x0000058b       0x34 /home/ubuntu/st/stm32cubeide_2.1.0/plugins/com.st.stm32cube.ide.mcu.externaltools.gnu-tools-for-stm32.14.3.rel1.linux64_1.0.100.202602081740/tools/bin/../lib/gcc/arm-none-eabi/14.3.1/../../../../arm-none-eabi/lib/thumb/v7e-m+fp/hard/libc_nano.a(libc_a-findfp.o)
 .ARM.attributes
                0x000005bf       0x34 /home/ubuntu/st/stm32cubeide_2.1.0/plugins/com.st.stm32cube.ide.mcu.externaltools.gnu-tools-for-stm32.14.3.rel1.linux64_1.0.100.202602081740/tools/bin/../lib/gcc/arm-none-eabi/14.3.1/../../../../arm-none-eabi/lib/thumb/v7e-m+fp/hard/libc_nano.a(libc_a-fwalk.o)
 .ARM.attributes
                0x000005f3       0x34 /home/ubuntu/st/stm32cubeide_2.1.0/plugins/com.st.stm32cube.ide.mcu.externaltools.gnu-tools-for-stm32.14.3.rel1.linux64_1.0.100.202602081740/tools/bin/../lib/gcc/arm-none-eabi/14.3.1/../../../../arm-none-eabi/lib/thumb/v7e-m+fp/hard/libc_nano.a(libc_a-printf.o)
 .ARM.attributes
                0x00000627       0x34 /home/ubuntu/st/stm32cubeide_2.1.0/plugins/com.st.stm32cube.ide.mcu.externaltools.gnu-tools-for-stm32.14.3.rel1.linux64_1.0.100.202602081740/tools/bin/../lib/gcc/arm-none-eabi/14.3.1/../../../../arm-none-eabi/lib/thumb/v7e-m+fp/hard/libc_nano.a(libc_a-puts.o)
 .ARM.attributes
                0x0000065b       0x34 /home/ubuntu/st/stm32cubeide_2.1.0/plugins/com.st.stm32cube.ide.mcu.externaltools.gnu-tools-for-stm32.14.3.rel1.linux64_1.0.100.202602081740/tools/bin/../lib/gcc/arm-none-eabi/14.3.1/../../../../arm-none-eabi/lib/thumb/v7e-m+fp/hard/libc_nano.a(libc_a-stdio.o)
 .ARM.attributes
                0x0000068f       0x34 /home/ubuntu/st/stm32cubeide_2.1.0/plugins/com.st.stm32cube.ide.mcu.externaltools.gnu-tools-for-stm32.14.3.rel1.linux64_1.0.100.202602081740/tools/bin/../lib/gcc/arm-none-eabi/14.3.1/../../../../arm-none-eabi/lib/thumb/v7e-m+fp/hard/libc_nano.a(libc_a-wbuf.o)
 .ARM.attributes
                0x000006c3       0x34 /home/ubuntu/st/stm32cubeide_2.1.0/plugins/com.st.stm32cube.ide.mcu.externaltools.gnu-tools-for-stm32.14.3.rel1.linux64_1.0.100.202602081740/tools/bin/../lib/gcc/arm-none-eabi/14.3.1/../../../../arm-none-eabi/lib/thumb/v7e-m+fp/hard/libc_nano.a(libc_a-wsetup.o)
 .ARM.attributes
                0x000006f7       0x34 /home/ubuntu/st/stm32cubeide_2.1.0/plugins/com.st.stm32cube.ide.mcu.externaltools.gnu-tools-for-stm32.14.3.rel1.linux64_1.0.100.202602081740/tools/bin/../lib/gcc/arm-none-eabi/14.3.1/../../../../arm-none-eabi/lib/thumb/v7e-m+fp/hard/libc_nano.a(libc_a-memset.o)
 .ARM.attributes
                0x0000072b       0x34 /home/ubuntu/st/stm32cubeide_2.1.0/plugins/com.st.stm32cube.ide.mcu.externaltools.gnu-tools-for-stm32.14.3.rel1.linux64_1.0.100.202602081740/tools/bin/../lib/gcc/arm-none-eabi/14.3.1/../../../../arm-none-eabi/lib/thumb/v7e-m+fp/hard/libc_nano.a(libc_a-closer.o)
 .ARM.attributes
                0x0000075f       0x34 /home/ubuntu/st/stm32cubeide_2.1.0/plugins/com.st.stm32cube.ide.mcu.externaltools.gnu-tools-for-stm32.14.3.rel1.linux64_1.0.100.202602081740/tools/bin/../lib/gcc/arm-none-eabi/14.3.1/../../../../arm-none-eabi/lib/thumb/v7e-m+fp/hard/libc_nano.a(libc_a-reent.o)
 .ARM.attributes
                0x00000793       0x34 /home/ubuntu/st/stm32cubeide_2.1.0/plugins/com.st.stm32cube.ide.mcu.externaltools.gnu-tools-for-stm32.14.3.rel1.linux64_1.0.100.202602081740/tools/bin/../lib/gcc/arm-none-eabi/14.3.1/../../../../arm-none-eabi/lib/thumb/v7e-m+fp/hard/libc_nano.a(libc_a-impure.o)
 .ARM.attributes
                0x000007c7       0x34 /home/ubuntu/st/stm32cubeide_2.1.0/plugins/com.st.stm32cube.ide.mcu.externaltools.gnu-tools-for-stm32.14.3.rel1.linux64_1.0.100.202602081740/tools/bin/../lib/gcc/arm-none-eabi/14.3.1/../../../../arm-none-eabi/lib/thumb/v7e-m+fp/hard/libc_nano.a(libc_a-lseekr.o)
 .ARM.attributes
                0x000007fb       0x34 /home/ubuntu/st/stm32cubeide_2.1.0/plugins/com.st.stm32cube.ide.mcu.externaltools.gnu-tools-for-stm32.14.3.rel1.linux64_1.0.100.202602081740/tools/bin/../lib/gcc/arm-none-eabi/14.3.1/../../../../arm-none-eabi/lib/thumb/v7e-m+fp/hard/libc_nano.a(libc_a-readr.o)
 .ARM.attributes
                0x0000082f       0x34 /home/ubuntu/st/stm32cubeide_2.1.0/plugins/com.st.stm32cube.ide.mcu.externaltools.gnu-tools-for-stm32.14.3.rel1.linux64_1.0.100.202602081740/tools/bin/../lib/gcc/arm-none-eabi/14.3.1/../../../../arm-none-eabi/lib/thumb/v7e-m+fp/hard/libc_nano.a(libc_a-writer.o)
 .ARM.attributes
                0x00000863       0x34 /home/ubuntu/st/stm32cubeide_2.1.0/plugins/com.st.stm32cube.ide.mcu.externaltools.gnu-tools-for-stm32.14.3.rel1.linux64_1.0.100.202602081740/tools/bin/../lib/gcc/arm-none-eabi/14.3.1/../../../../arm-none-eabi/lib/thumb/v7e-m+fp/hard/libc_nano.a(libc_a-errno.o)
 .ARM.attributes
                0x00000897       0x34 /home/ubuntu/st/stm32cubeide_2.1.0/plugins/com.st.stm32cube.ide.mcu.externaltools.gnu-tools-for-stm32.14.3.rel1.linux64_1.0.100.202602081740/tools/bin/../lib/gcc/arm-none-eabi/14.3.1/../../../../arm-none-eabi/lib/thumb/v7e-m+fp/hard/libc_nano.a(libc_a-init.o)
 .ARM.attributes
                0x000008cb       0x34 /home/ubuntu/st/stm32cubeide_2.1.0/plugins/com.st.stm32cube.ide.mcu.externaltools.gnu-tools-for-stm32.14.3.rel1.linux64_1.0.100.202602081740/tools/bin/../lib/gcc/arm-none-eabi/14.3.1/../../../../arm-none-eabi/lib/thumb/v7e-m+fp/hard/libc_nano.a(libc_a-lock.o)
 .ARM.attributes
                0x000008ff       0x34 /home/ubuntu/st/stm32cubeide_2.1.0/plugins/com.st.stm32cube.ide.mcu.externaltools.gnu-tools-for-stm32.14.3.rel1.linux64_1.0.100.202602081740/tools/bin/../lib/gcc/arm-none-eabi/14.3.1/../../../../arm-none-eabi/lib/thumb/v7e-m+fp/hard/libc_nano.a(libc_a-memcpy-stub.o)
 .ARM.attributes
                0x00000933       0x34 /home/ubuntu/st/stm32cubeide_2.1.0/plugins/com.st.stm32cube.ide.mcu.externaltools.gnu-tools-for-stm32.14.3.rel1.linux64_1.0.100.202602081740/tools/bin/../lib/gcc/arm-none-eabi/14.3.1/../../../../arm-none-eabi/lib/thumb/v7e-m+fp/hard/libc_nano.a(libc_a-freer.o)
 .ARM.attributes
                0x00000967       0x34 /home/ubuntu/st/stm32cubeide_2.1.0/plugins/com.st.stm32cube.ide.mcu.externaltools.gnu-tools-for-stm32.14.3.rel1.linux64_1.0.100.202602081740/tools/bin/../lib/gcc/arm-none-eabi/14.3.1/../../../../arm-none-eabi/lib/thumb/v7e-m+fp/hard/libc_nano.a(libc_a-mallocr.o)
 .ARM.attributes
                0x0000099b       0x34 /home/ubuntu/st/stm32cubeide_2.1.0/plugins/com.st.stm32cube.ide.mcu.externaltools.gnu-tools-for-stm32.14.3.rel1.linux64_1.0.100.202602081740/tools/bin/../lib/gcc/arm-none-eabi/14.3.1/../../../../arm-none-eabi/lib/thumb/v7e-m+fp/hard/libc_nano.a(libc_a-mlock.o)
 .ARM.attributes
                0x000009cf       0x34 /home/ubuntu/st/stm32cubeide_2.1.0/plugins/com.st.stm32cube.ide.mcu.externaltools.gnu-tools-for-stm32.14.3.rel1.linux64_1.0.100.202602081740/tools/bin/../lib/gcc/arm-none-eabi/14.3.1/../../../../arm-none-eabi/lib/thumb/v7e-m+fp/hard/libc_nano.a(libc_a-nano-vfprintf.o)
 .ARM.attributes
                0x00000a03       0x34 /home/ubuntu/st/stm32cubeide_2.1.0/plugins/com.st.stm32cube.ide.mcu.externaltools.gnu-tools-for-stm32.14.3.rel1.linux64_1.0.100.202602081740/tools/bin/../lib/gcc/arm-none-eabi/14.3.1/../../../../arm-none-eabi/lib/thumb/v7e-m+fp/hard/libc_nano.a(libc_a-nano-vfprintf_i.o)
 .ARM.attributes
                0x00000a37       0x34 /home/ubuntu/st/stm32cubeide_2.1.0/plugins/com.st.stm32cube.ide.mcu.externaltools.gnu-tools-for-stm32.14.3.rel1.linux64_1.0.100.202602081740/tools/bin/../lib/gcc/arm-none-eabi/14.3.1/../../../../arm-none-eabi/lib/thumb/v7e-m+fp/hard/libc_nano.a(libc_a-fflush.o)
 .ARM.attributes
                0x00000a6b       0x34 /home/ubuntu/st/stm32cubeide_2.1.0/plugins/com.st.stm32cube.ide.mcu.externaltools.gnu-tools-for-stm32.14.3.rel1.linux64_1.0.100.202602081740/tools/bin/../lib/gcc/arm-none-eabi/14.3.1/../../../../arm-none-eabi/lib/thumb/v7e-m+fp/hard/libc_nano.a(libc_a-makebuf.o)
 .ARM.attributes
                0x00000a9f       0x34 /home/ubuntu/st/stm32cubeide_2.1.0/plugins/com.st.stm32cube.ide.mcu.externaltools.gnu-tools-for-stm32.14.3.rel1.linux64_1.0.100.202602081740/tools/bin/../lib/gcc/arm-none-eabi/14.3.1/../../../../arm-none-eabi/lib/thumb/v7e-m+fp/hard/libc_nano.a(libc_a-fstatr.o)
 .ARM.attributes
                0x00000ad3       0x34 /home/ubuntu/st/stm32cubeide_2.1.0/plugins/com.st.stm32cube.ide.mcu.externaltools.gnu-tools-for-stm32.14.3.rel1.linux64_1.0.100.202602081740/tools/bin/../lib/gcc/arm-none-eabi/14.3.1/../../../../arm-none-eabi/lib/thumb/v7e-m+fp/hard/libc_nano.a(libc_a-isattyr.o)
 .ARM.attributes
                0x00000b07       0x34 /home/ubuntu/st/stm32cubeide_2.1.0/plugins/com.st.stm32cube.ide.mcu.externaltools.gnu-tools-for-stm32.14.3.rel1.linux64_1.0.100.202602081740/tools/bin/../lib/gcc/arm-none-eabi/14.3.1/../../../../arm-none-eabi/lib/thumb/v7e-m+fp/hard/libc_nano.a(libc_a-sbrkr.o)
 .ARM.attributes
                0x00000b3b       0x1c /home/ubuntu/st/stm32cubeide_2.1.0/plugins/com.st.stm32cube.ide.mcu.externaltools.gnu-tools-for-stm32.14.3.rel1.linux64_1.0.100.202602081740/tools/bin/../lib/gcc/arm-none-eabi/14.3.1/../../../../arm-none-eabi/lib/thumb/v7e-m+fp/hard/libc_nano.a(libc_a-memchr.o)
 .ARM.attributes
                0x00000b57       0x22 /home/ubuntu/st/stm32cubeide_2.1.0/plugins/com.st.stm32cube.ide.mcu.externaltools.gnu-tools-for-stm32.14.3.rel1.linux64_1.0.100.202602081740/tools/bin/../lib/gcc/arm-none-eabi/14.3.1/thumb/v7e-m+fp/hard/libgcc.a(_aeabi_uldivmod.o)
 .ARM.attributes
                0x00000b79       0x34 /home/ubuntu/st/stm32cubeide_2.1.0/plugins/com.st.stm32cube.ide.mcu.externaltools.gnu-tools-for-stm32.14.3.rel1.linux64_1.0.100.202602081740/tools/bin/../lib/gcc/arm-none-eabi/14.3.1/thumb/v7e-m+fp/hard/libgcc.a(_udivmoddi4.o)
 .ARM.attributes
                0x00000bad       0x22 /home/ubuntu/st/stm32cubeide_2.1.0/plugins/com.st.stm32cube.ide.mcu.externaltools.gnu-tools-for-stm32.14.3.rel1.linux64_1.0.100.202602081740/tools/bin/../lib/gcc/arm-none-eabi/14.3.1/thumb/v7e-m+fp/hard/libgcc.a(_dvmd_tls.o)
 .ARM.attributes
                0x00000bcf       0x22 /home/ubuntu/st/stm32cubeide_2.1.0/plugins/com.st.stm32cube.ide.mcu.externaltools.gnu-tools-for-stm32.14.3.rel1.linux64_1.0.100.202602081740/tools/bin/../lib/gcc/arm-none-eabi/14.3.1/thumb/v7e-m+fp/hard/crtn.o
OUTPUT(rtos-data-logger.elf elf32-littlearm)
LOAD linker stubs
LOAD /home/ubuntu/st/stm32cubeide_2.1.0/plugins/com.st.stm32cube.ide.mcu.externaltools.gnu-tools-for-stm32.14.3.rel1.linux64_1.0.100.202602081740/tools/bin/../lib/gcc/arm-none-eabi/14.3.1/../../../../arm-none-eabi/lib/thumb/v7e-m+fp/hard/libc.a
LOAD /home/ubuntu/st/stm32cubeide_2.1.0/plugins/com.st.stm32cube.ide.mcu.externaltools.gnu-tools-for-stm32.14.3.rel1.linux64_1.0.100.202602081740/tools/bin/../lib/gcc/arm-none-eabi/14.3.1/../../../../arm-none-eabi/lib/thumb/v7e-m+fp/hard/libm.a
LOAD /home/ubuntu/st/stm32cubeide_2.1.0/plugins/com.st.stm32cube.ide.mcu.externaltools.gnu-tools-for-stm32.14.3.rel1.linux64_1.0.100.202602081740/tools/bin/../lib/gcc/arm-none-eabi/14.3.1/thumb/v7e-m+fp/hard/libgcc.a

.debug_info     0x00000000    0x141f1
 .debug_info    0x00000000      0x3bc Core/Src/benchmark_cpu.o
 .debug_info    0x000003bc      0x1f0 Core/Src/benchmark_sys.o
 .debug_info    0x000005ac       0xba Core/Src/freertos.o
 .debug_info    0x00000666      0x7ed Core/Src/i2c_driver.o
 .debug_info    0x00000e53      0x552 Core/Src/i2c_driver_polling.o
 .debug_info    0x000013a5     0x1239 Core/Src/main.o
 .debug_info    0x000025de      0x501 Core/Src/sensor.o
 .debug_info    0x00002adf      0xea8 Core/Src/stm32f4xx_hal_msp.o
 .debug_info    0x00003987      0x202 Core/Src/stm32f4xx_it.o
 .debug_info    0x00003b89      0x6a3 Core/Src/syscalls.o
 .debug_info    0x0000422c      0x168 Core/Src/sysmem.o
 .debug_info    0x00004394      0x54a Core/Src/system_stm32f4xx.o
 .debug_info    0x000048de       0x30 Core/Startup/startup_stm32f446retx.o
 .debug_info    0x0000490e      0x99a Drivers/STM32F4xx_HAL_Driver/Src/stm32f4xx_hal.o
 .debug_info    0x000052a8      0xdaa Drivers/STM32F4xx_HAL_Driver/Src/stm32f4xx_hal_cortex.o
 .debug_info    0x00006052      0x70b Drivers/STM32F4xx_HAL_Driver/Src/stm32f4xx_hal_gpio.o
 .debug_info    0x0000675d      0x8ff Drivers/STM32F4xx_HAL_Driver/Src/stm32f4xx_hal_rcc.o
 .debug_info    0x0000705c      0x960 Drivers/STM32F4xx_HAL_Driver/Src/stm32f4xx_hal_rcc_ex.o