../Core/Src/main.c:70:5:main	8	static
../Core/Src/main.c:104:6:SystemClock_Config	88	static
../Core/Src/main.c:145:13:MX_USART2_UART_Init	8	static
../Core/Src/main.c:178:13:MX_GPIO_Init	16	static
../Core/Src/main.c:194:5:_write	24	static
../Core/Src/main.c:208:6:StartDefaultTask	16	static
../Core/Src/main.c:219:6:StartTask02	48	static
../Core/Src/main.c:265:6:StartTask03	40	static
../Core/Src/main.c:323:6:BenchmarkTask	16	static
../Core/Src/main.c:338:6:Error_Handler	4	static,ignoring_inline_asm
